[1/1780] Generating trace/trace-monitor.h with a custom command
[2/1780] Generating trace/trace-crypto.h with a custom command
[3/1780] Generating trace/trace-qapi.c with a custom command
[4/1780] Generating trace/trace-util.c with a custom command
[5/1780] Generating trace/trace-root.c with a custom command
[6/1780] Generating trace/trace-qom.h with a custom command
[7/1780] Generating trace/trace-gdbstub.h with a custom command
[8/1780] Generating trace/trace-root.h with a custom command
[9/1780] Generating trace/trace-crypto.c with a custom command
[10/1780] Generating trace/trace-qom.c with a custom command
[11/1780] Generating trace/trace-monitor.c with a custom command
[12/1780] Generating trace/trace-gdbstub.c with a custom command
[13/1780] Generating qemu-img-cmds.h with a custom command (wrapped by meson to capture output)
[14/1780] Generating trace/trace-util.h with a custom command
[15/1780] Generating trace/trace-authz.c with a custom command
[16/1780] Generating config-poison.h with a custom command (wrapped by meson to capture output)
[17/1780] Generating trace/trace-qapi.h with a custom command
[18/1780] Generating trace/trace-io.c with a custom command
[19/1780] Generating trace/trace-block.h with a custom command
[20/1780] Generating trace/trace-nbd.c with a custom command
[21/1780] Generating trace/trace-scsi.h with a custom command
[22/1780] Generating trace/trace-scsi.c with a custom command
[23/1780] Generating hmp-commands-info.h with a custom command (wrapped by meson to capture output)
[24/1780] Generating trace/trace-accel_kvm.c with a custom command
[25/1780] Generating trace/trace-chardev.h with a custom command
[26/1780] Generating trace/trace-accel_kvm.h with a custom command
[27/1780] Generating trace/trace-chardev.c with a custom command
[28/1780] Generating trace/trace-block.c with a custom command
[29/1780] Generating trace/trace-nbd.h with a custom command
[30/1780] Generating trace/trace-io.h with a custom command
[31/1780] Generating trace/trace-accel_mshv.c with a custom command
[32/1780] Generating trace/trace-accel_nitro.h with a custom command
[33/1780] Generating qemu-version.h with a custom command (wrapped by meson to capture output)
[34/1780] Generating trace/trace-backends.c with a custom command
[35/1780] Generating trace/trace-backends_tpm.h with a custom command
[36/1780] Generating trace/trace-hw_9pfs.c with a custom command
[37/1780] Generating trace/trace-hw_acpi.c with a custom command
[38/1780] Generating trace/trace-hw_9pfs.h with a custom command
[39/1780] Generating trace/trace-backends_tpm.c with a custom command
[40/1780] Generating trace/trace-accel_hvf.h with a custom command
[41/1780] Generating trace/trace-audio.c with a custom command
[42/1780] Generating trace/trace-accel_mshv.h with a custom command
[43/1780] Generating trace/trace-ebpf.h with a custom command
[44/1780] Generating trace/trace-accel_hvf.c with a custom command
[45/1780] Generating trace/trace-ebpf.c with a custom command
[46/1780] Generating trace/trace-accel_nitro.c with a custom command
[47/1780] Generating trace/trace-hw_adc.c with a custom command
[48/1780] Generating trace/trace-backends.h with a custom command
[49/1780] Generating trace/trace-authz.h with a custom command
[50/1780] Generating trace/trace-audio.h with a custom command
[51/1780] Generating trace/trace-hw_alpha.h with a custom command
[52/1780] Generating trace/trace-hw_acpi.h with a custom command
[53/1780] Generating trace/trace-hw_audio.h with a custom command
[54/1780] Generating trace/trace-hw_block.c with a custom command
[55/1780] Generating trace/trace-hw_char.h with a custom command
[56/1780] Generating trace/trace-hw_alpha.c with a custom command
[57/1780] Generating trace/trace-hw_adc.h with a custom command
[58/1780] Generating trace/trace-hw_dma.c with a custom command
[59/1780] Generating trace/trace-hw_arm.h with a custom command
[60/1780] Generating hmp-commands.h with a custom command (wrapped by meson to capture output)
[61/1780] Generating trace/trace-hw_display.c with a custom command
[62/1780] Generating trace/trace-hw_i2c.c with a custom command
[63/1780] Generating trace/trace-hw_hyperv.h with a custom command
[64/1780] Generating trace/trace-hw_fsi.h with a custom command
[65/1780] Generating trace/trace-hw_audio.c with a custom command
[66/1780] Generating trace/trace-hw_char.c with a custom command
[67/1780] Generating trace/trace-hw_i386.h with a custom command
[68/1780] Generating trace/trace-hw_i2c.h with a custom command
[69/1780] Generating trace/trace-hw_i3c.h with a custom command
[70/1780] Generating trace/trace-hw_display.h with a custom command
[71/1780] Generating trace/trace-hw_block.h with a custom command
[72/1780] Generating trace/trace-hw_hyperv.c with a custom command
[73/1780] Generating trace/trace-hw_dma.h with a custom command
[74/1780] Generating trace/trace-hw_arm.c with a custom command
[75/1780] Generating trace/trace-hw_i3c.c with a custom command
[76/1780] Generating trace/trace-hw_i386_kvm.h with a custom command
[77/1780] Generating trace/trace-hw_i386.c with a custom command
[78/1780] Generating trace/trace-hw_i386_xen.h with a custom command
[79/1780] Generating trace/trace-hw_i386_kvm.c with a custom command
[80/1780] Generating trace/trace-hw_i386_xen.c with a custom command
[81/1780] Generating trace/trace-hw_ide.h with a custom command
[82/1780] Generating trace/trace-hw_ide.c with a custom command
[83/1780] Generating trace/trace-hw_input.h with a custom command
[84/1780] Generating trace/trace-hw_input.c with a custom command
[85/1780] Generating trace/trace-hw_intc.c with a custom command
[86/1780] Generating trace/trace-hw_isa.h with a custom command
[87/1780] Generating trace/trace-hw_mem.h with a custom command
[88/1780] Generating trace/trace-hw_mem.c with a custom command
[89/1780] Generating trace/trace-hw_mips.h with a custom command
[90/1780] Generating trace/trace-hw_intc.h with a custom command
[91/1780] Generating trace/trace-hw_isa.c with a custom command
[92/1780] Generating trace/trace-hw_mips.c with a custom command
[93/1780] Generating trace/trace-hw_net_can.c with a custom command
[94/1780] Generating trace/trace-hw_nitro.c with a custom command
[95/1780] Generating trace/trace-hw_misc_macio.h with a custom command
[96/1780] Generating trace/trace-hw_misc_macio.c with a custom command
[97/1780] Generating trace/trace-hw_misc.c with a custom command
[98/1780] Generating trace/trace-hw_nvram.c with a custom command
[99/1780] Generating trace/trace-hw_nvram.h with a custom command
[100/1780] Generating trace/trace-hw_pci.h with a custom command
[101/1780] Generating trace/trace-hw_pci.c with a custom command
[102/1780] Generating trace/trace-hw_net_can.h with a custom command
[103/1780] Generating trace/trace-hw_nubus.h with a custom command
[104/1780] Generating trace/trace-hw_misc.h with a custom command
[105/1780] Generating trace/trace-hw_fsi.c with a custom command
[106/1780] Generating trace/trace-hw_nitro.h with a custom command
[107/1780] Generating trace/trace-hw_ppc.h with a custom command
[108/1780] Generating trace/trace-hw_rtc.h with a custom command
[109/1780] Generating trace/trace-hw_pci_host.c with a custom command
[110/1780] Generating trace/trace-hw_nubus.c with a custom command
[111/1780] Generating trace/trace-hw_s390x.h with a custom command
[112/1780] Generating trace/trace-hw_rtc.c with a custom command
[113/1780] Generating trace/trace-hw_net.c with a custom command
[114/1780] Generating trace/trace-hw_pci_host.h with a custom command
[115/1780] Generating trace/trace-hw_ppc.c with a custom command
[116/1780] Generating trace/trace-hw_nvme.h with a custom command
[117/1780] Generating trace/trace-hw_sensor.h with a custom command
[118/1780] Generating trace/trace-hw_s390x.c with a custom command
[119/1780] Generating trace/trace-hw_sensor.c with a custom command
[120/1780] Generating trace/trace-hw_sh4.h with a custom command
[121/1780] Generating trace/trace-hw_sparc.h with a custom command
[122/1780] Generating trace/trace-hw_ssi.c with a custom command
[123/1780] Generating trace/trace-hw_sd.c with a custom command
[124/1780] Generating trace/trace-hw_sparc64.c with a custom command
[125/1780] Generating trace/trace-hw_sh4.c with a custom command
[126/1780] Generating trace/trace-hw_sparc.c with a custom command
[127/1780] Generating trace/trace-hw_scsi.c with a custom command
[128/1780] Generating trace/trace-hw_riscv.h with a custom command
[129/1780] Generating trace/trace-hw_sd.h with a custom command
[130/1780] Generating trace/trace-hw_sparc64.h with a custom command
[131/1780] Generating trace/trace-hw_uefi.h with a custom command
[132/1780] Generating trace/trace-hw_net.h with a custom command
[133/1780] Generating trace/trace-hw_nvme.c with a custom command
[134/1780] Generating trace/trace-hw_scsi.h with a custom command
[135/1780] Generating trace/trace-hw_timer.c with a custom command
[136/1780] Generating trace/trace-hw_riscv.c with a custom command
[137/1780] Generating trace/trace-hw_tpm.c with a custom command
[138/1780] Generating trace/trace-hw_ufs.h with a custom command
[139/1780] Generating trace/trace-hw_ssi.h with a custom command
[140/1780] Generating trace/trace-hw_tpm.h with a custom command
[141/1780] Generating trace/trace-hw_timer.h with a custom command
[142/1780] Generating trace/trace-hw_virtio.c with a custom command
[143/1780] Generating trace/trace-hw_vmapple.h with a custom command
[144/1780] Generating trace/trace-hw_vmapple.c with a custom command
[145/1780] Generating trace/trace-hw_vfio.c with a custom command
[146/1780] Generating trace/trace-hw_watchdog.h with a custom command
[147/1780] Generating trace/trace-hw_uefi.c with a custom command
[148/1780] Generating trace/trace-hw_ufs.c with a custom command
[149/1780] Generating trace/trace-hw_usb.h with a custom command
[150/1780] Generating trace/trace-hw_vfio_user.h with a custom command
[151/1780] Generating trace/trace-hw_virtio.h with a custom command
[152/1780] Generating trace/trace-hw_usb.c with a custom command
[153/1780] Generating trace/trace-hw_vfio.h with a custom command
[154/1780] Generating trace/trace-hw_vfio_user.c with a custom command
[155/1780] Generating trace/trace-hw_watchdog.c with a custom command
[156/1780] Generating trace/trace-hw_xen.h with a custom command
[157/1780] Generating trace/trace-hw_gpio.h with a custom command
[158/1780] Generating trace/trace-hw_gpio.c with a custom command
[159/1780] Generating trace/trace-migration.c with a custom command
[160/1780] Generating trace/trace-net.h with a custom command
[161/1780] Generating trace/trace-migration.h with a custom command
[162/1780] Generating trace/trace-replay.c with a custom command
[163/1780] Generating trace/trace-system.h with a custom command
[164/1780] Generating trace/trace-system.c with a custom command
[165/1780] Generating trace/trace-hw_remote.c with a custom command
[166/1780] Generating trace/trace-accel_tcg.h with a custom command
[167/1780] Generating trace/trace-hw_xen.c with a custom command
[168/1780] Generating trace/trace-ui.h with a custom command
[169/1780] Generating trace/trace-target_arm.c with a custom command
[170/1780] Generating trace/trace-hw_core.c with a custom command
[171/1780] Generating trace/trace-target_arm.h with a custom command
[172/1780] Generating trace/trace-accel_tcg.c with a custom command
[173/1780] Generating trace/trace-hw_remote.h with a custom command
[174/1780] Generating trace/trace-hw_core.h with a custom command
[175/1780] Generating trace/trace-target_i386.h with a custom command
[176/1780] Generating trace/trace-target_i386_whpx.c with a custom command
[177/1780] Generating trace/trace-target_hppa.h with a custom command
[178/1780] Generating trace/trace-target_hppa.c with a custom command
[179/1780] Generating trace/trace-target_i386_kvm.c with a custom command
[180/1780] Generating trace/trace-target_i386_whpx.h with a custom command
[181/1780] Generating trace/trace-ui.c with a custom command
[182/1780] Generating trace/trace-target_arm_hvf.c with a custom command
[183/1780] Generating trace/trace-target_loongarch.h with a custom command
[184/1780] Generating trace/trace-target_loongarch.c with a custom command
[185/1780] Generating trace/trace-target_mips_tcg.h with a custom command
[186/1780] Generating trace/trace-target_mips_tcg.c with a custom command
[187/1780] Generating trace/trace-target_ppc.h with a custom command
[188/1780] Generating trace/trace-target_ppc.c with a custom command
[189/1780] Generating qemu-options.def with a custom command (wrapped by meson to capture output)
[190/1780] Generating trace/trace-target_riscv.h with a custom command
[191/1780] Generating trace/trace-target_riscv.c with a custom command
[192/1780] Generating trace/trace-target_s390x_kvm.c with a custom command
[193/1780] Generating trace/trace-target_s390x.c with a custom command
[194/1780] Generating trace/trace-target_s390x_kvm.h with a custom command
[195/1780] Generating trace/trace-net.c with a custom command
[196/1780] Generating trace/trace-target_s390x.h with a custom command
[197/1780] Generating trace/trace-replay.h with a custom command
[198/1780] Generating trace/trace-target_i386.c with a custom command
[199/1780] Generating trace/trace-target_sparc.c with a custom command
[200/1780] Generating trace/trace-target_sparc.h with a custom command
[201/1780] Generating ui/input-keymap-qcode-to-qnum.c.inc with a custom command (wrapped by meson to capture output)
[202/1780] Generating trace/trace-target_arm_hvf.h with a custom command
[203/1780] Generating trace/trace-target_i386_kvm.h with a custom command
[204/1780] Generating ui/input-keymap-qcode-to-atset2.c.inc with a custom command (wrapped by meson to capture output)
[205/1780] Generating ui/input-keymap-xorgevdev-to-qcode.c.inc with a custom command (wrapped by meson to capture output)
[206/1780] Generating ui/input-keymap-qcode-to-linux.c.inc with a custom command (wrapped by meson to capture output)
[207/1780] Generating ui/input-keymap-linux-to-qcode.c.inc with a custom command (wrapped by meson to capture output)
[208/1780] Generating ui/input-keymap-xorgxquartz-to-qcode.c.inc with a custom command (wrapped by meson to capture output)
[209/1780] Generating ui/input-keymap-qcode-to-atset1.c.inc with a custom command (wrapped by meson to capture output)
[210/1780] Generating ui/input-keymap-xorgkbd-to-qcode.c.inc with a custom command (wrapped by meson to capture output)
[211/1780] Generating ui/input-keymap-atset1-to-qcode.c.inc with a custom command (wrapped by meson to capture output)
[212/1780] Generating block/module_block.h with a custom command
[213/1780] Generating ui/shader/texture-blit-frag.h with a custom command (wrapped by meson to capture output)
[214/1780] Generating ui/shader/texture-blit-vert.h with a custom command (wrapped by meson to capture output)
[215/1780] Generating ui/input-keymap-qnum-to-qcode.c.inc with a custom command (wrapped by meson to capture output)
[216/1780] Generating ui/dbus-display preprocess with a custom command (wrapped by meson to set env)
[217/1780] Generating ui/input-keymap-osx-to-qcode.c.inc with a custom command (wrapped by meson to capture output)
[218/1780] Generating ui/input-keymap-qcode-to-atset3.c.inc with a custom command (wrapped by meson to capture output)
[219/1780] Generating ui/input-keymap-x11-to-qcode.c.inc with a custom command (wrapped by meson to capture output)
[220/1780] Generating ui/dbus-display gdbus-codegen with a custom command
[221/1780] Compiling C object subprojects/libvhost-user/libvhost-user-glib.a.p/libvhost-user-glib.c.o
[222/1780] Generating block/block-gen.c with a custom command
[223/1780] Linking static target subprojects/libvhost-user/libvhost-user-glib.a
[224/1780] Generating ui/input-keymap-xorgxwin-to-qcode.c.inc with a custom command (wrapped by meson to capture output)
[225/1780] Generating 'libqemu-ppc-softmmu.a.p/decode-insn32.c.inc'
[226/1780] Generating 'libcommon.a.p/decode-insns.c.inc'
[227/1780] Generating ui/input-keymap-win32-to-qcode.c.inc with a custom command (wrapped by meson to capture output)
[228/1780] Generating ui/input-keymap-qcode-to-sun.c.inc with a custom command (wrapped by meson to capture output)
[229/1780] Generating ui/shader/texture-blit-flip-vert.h with a custom command (wrapped by meson to capture output)
[230/1780] Generating 'libqemu-ppc-softmmu.a.p/decode-insn64.c.inc'
[231/1780] Generating gdbstub/gdbstub-xml.c with a custom command (wrapped by meson to capture output)
[232/1780] Generating ui/input-keymap-usb-to-qcode.c.inc with a custom command (wrapped by meson to capture output)
[233/1780] Generating qapi/shared QAPI source files with a custom command
[234/1780] Compiling C object subprojects/libvduse/libvduse.a.p/libvduse.c.o
[235/1780] Generating trace/trace-qapi_commands_authz_trace_events.h with a custom command
[236/1780] Generating trace/trace-qapi_commands_block_export_trace_events.c with a custom command
[237/1780] Generating trace/trace-qapi_commands_crypto_trace_events.h with a custom command
[238/1780] Generating trace/trace-qapi_commands_char_trace_events.h with a custom command
[239/1780] Generating trace/trace-qapi_commands_block_trace_events.c with a custom command
[240/1780] Generating trace/trace-qapi_commands_char_trace_events.c with a custom command
[241/1780] Generating trace/trace-qapi_commands_common_trace_events.h with a custom command
[242/1780] Generating trace/trace-qapi_commands_authz_trace_events.c with a custom command
[243/1780] Generating trace/trace-qapi_commands_crypto_trace_events.c with a custom command
[244/1780] Generating trace/trace-qapi_commands_dump_trace_events.h with a custom command
[245/1780] Generating trace/trace-qapi_commands_ebpf_trace_events.h with a custom command
[246/1780] Generating trace/trace-qapi_commands_block_trace_events.h with a custom command
[247/1780] Generating trace/trace-qapi_commands_block_core_trace_events.c with a custom command
[248/1780] Generating trace/trace-qapi_commands_cxl_trace_events.h with a custom command
[249/1780] Generating trace/trace-qapi_commands_ebpf_trace_events.c with a custom command
[250/1780] Generating trace/trace-qapi_commands_block_core_trace_events.h with a custom command
[251/1780] Generating trace/trace-qapi_commands_block_export_trace_events.h with a custom command
[252/1780] Generating trace/trace-qapi_commands_dump_trace_events.c with a custom command
[253/1780] Generating trace/trace-qapi_commands_common_trace_events.c with a custom command
[254/1780] Generating trace/trace-qapi_commands_control_trace_events.h with a custom command
[255/1780] Generating trace/trace-qapi_commands_introspect_trace_events.h with a custom command
[256/1780] Generating trace/trace-qapi_commands_job_trace_events.c with a custom command
[257/1780] Generating trace/trace-qapi_commands_control_trace_events.c with a custom command
[258/1780] Generating trace/trace-qapi_commands_machine_trace_events.c with a custom command
[259/1780] Generating trace/trace-qapi_commands_cxl_trace_events.c with a custom command
[260/1780] Generating trace/trace-qapi_commands_job_trace_events.h with a custom command
[261/1780] Generating trace/trace-qapi_commands_machine_trace_events.h with a custom command
[262/1780] Generating trace/trace-qapi_commands_compat_trace_events.h with a custom command
[263/1780] Generating trace/trace-qapi_commands_compat_trace_events.c with a custom command
[264/1780] Generating trace/trace-qapi_commands_machine_common_trace_events.c with a custom command
[265/1780] Generating trace/trace-qapi_commands_introspect_trace_events.c with a custom command
[266/1780] Generating trace/trace-qapi_commands_machine_common_trace_events.h with a custom command
[267/1780] Generating trace/trace-qapi_commands_error_trace_events.h with a custom command
[268/1780] Generating trace/trace-qapi_commands_misc_trace_events.h with a custom command
[269/1780] Generating trace/trace-qapi_commands_error_trace_events.c with a custom command
[270/1780] Generating trace/trace-qapi_commands_machine_s390x_trace_events.c with a custom command
[271/1780] Generating trace/trace-qapi_commands_pragma_trace_events.c with a custom command
[272/1780] Generating trace/trace-qapi_commands_misc_trace_events.c with a custom command
[273/1780] Generating trace/trace-qapi_commands_qom_trace_events.c with a custom command
[274/1780] Generating trace/trace-qapi_commands_machine_s390x_trace_events.h with a custom command
[275/1780] Generating trace/trace-qapi_commands_migration_trace_events.c with a custom command
[276/1780] Generating trace/trace-qapi_commands_replay_trace_events.h with a custom command
[277/1780] Generating trace/trace-qapi_commands_pragma_trace_events.h with a custom command
[278/1780] Generating trace/trace-qapi_commands_qom_trace_events.h with a custom command
[279/1780] Generating trace/trace-qapi_commands_migration_trace_events.h with a custom command
[280/1780] Generating trace/trace-qapi_commands_replay_trace_events.c with a custom command
[281/1780] Generating trace/trace-qapi_commands_sockets_trace_events.h with a custom command
[282/1780] Generating trace/trace-qapi_commands_net_trace_events.h with a custom command
[283/1780] Generating trace/trace-qapi_commands_net_trace_events.c with a custom command
[284/1780] Generating trace/trace-qapi_commands_run_state_trace_events.h with a custom command
[285/1780] Generating trace/trace-qapi_commands_transaction_trace_events.h with a custom command
[286/1780] Generating trace/trace-qapi_commands_trace_trace_events.h with a custom command
[287/1780] Generating trace/trace-qapi_commands_trace_trace_events.c with a custom command
[288/1780] Generating trace/trace-qapi_commands_vfio_trace_events.h with a custom command
[289/1780] Generating trace/trace-qapi_commands_virtio_trace_events.h with a custom command
[290/1780] Generating trace/trace-qapi_commands_yank_trace_events.h with a custom command
[291/1780] Generating trace/trace-qapi_commands_yank_trace_events.c with a custom command
[292/1780] Generating trace/trace-qapi_commands_sockets_trace_events.c with a custom command
[293/1780] Generating trace/trace-qapi_commands_stats_trace_events.c with a custom command
[294/1780] Generating trace/trace-qapi_commands_virtio_trace_events.c with a custom command
[295/1780] Generating trace/trace-qapi_commands_accelerator_trace_events.c with a custom command
[296/1780] Generating trace/trace-qapi_commands_acpi_trace_events.h with a custom command
[297/1780] Generating trace/trace-qapi_commands_run_state_trace_events.c with a custom command
[298/1780] Generating trace/trace-qapi_commands_vfio_trace_events.c with a custom command
[299/1780] Generating trace/trace-qapi_commands_accelerator_trace_events.h with a custom command
[300/1780] Generating trace/trace-qapi_commands_acpi_trace_events.c with a custom command
[301/1780] Generating trace/trace-qapi_commands_acpi_hest_trace_events.c with a custom command
[302/1780] Generating trace/trace-qapi_commands_transaction_trace_events.c with a custom command
[303/1780] Generating trace/trace-qapi_commands_audio_trace_events.h with a custom command
[304/1780] Generating trace/trace-qapi_commands_acpi_hest_trace_events.h with a custom command
[305/1780] Generating trace/trace-qapi_commands_stats_trace_events.h with a custom command
[306/1780] Generating trace/trace-qapi_commands_qdev_trace_events.h with a custom command
[307/1780] Generating trace/trace-qapi_commands_qdev_trace_events.c with a custom command
[308/1780] Generating trace/trace-qapi_commands_misc_arm_trace_events.h with a custom command
[309/1780] Generating trace/trace-qapi_commands_pci_trace_events.h with a custom command
[310/1780] Generating trace/trace-qapi_commands_tpm_trace_events.c with a custom command
[311/1780] Generating trace/trace-qapi_commands_tpm_trace_events.h with a custom command
[312/1780] Generating trace/trace-qapi_commands_misc_i386_trace_events.h with a custom command
[313/1780] Generating trace/trace-qapi_commands_misc_i386_trace_events.c with a custom command
[314/1780] Generating trace/trace-qapi_commands_rocker_trace_events.c with a custom command
[315/1780] Generating trace/trace-qapi_commands_ui_trace_events.h with a custom command
[316/1780] Generating trace/trace-qapi_commands_cryptodev_trace_events.h with a custom command
[317/1780] Generating trace/trace-qapi_commands_rocker_trace_events.h with a custom command
[318/1780] Generating trace/trace-qapi_commands_pci_trace_events.c with a custom command
[319/1780] Generating trace/trace-qapi_commands_audio_trace_events.c with a custom command
[320/1780] Generating trace/trace-qapi_commands_misc_arm_trace_events.c with a custom command
[321/1780] Linking static target subprojects/libvduse/libvduse.a
[322/1780] Generating trace/trace-qapi_commands_uefi_trace_events.h with a custom command
[323/1780] Generating trace/trace-qapi_commands_cryptodev_trace_events.c with a custom command
[324/1780] Generating trace/trace-qapi_commands_ui_trace_events.c with a custom command
[325/1780] Generating trace/trace-qapi_commands_uefi_trace_events.c with a custom command
[326/1780] Compiling C object subprojects/libvhost-user/libvhost-user.a.p/libvhost-user.c.o
[327/1780] Compiling C object libqemuutil.a.p/meson-generated_.._qapi_qapi-visit-authz.c.o
[328/1780] Compiling C object libqemuutil.a.p/meson-generated_.._qapi_qapi-events-authz.c.o
[329/1780] Compiling C object libqemuutil.a.p/meson-generated_.._qapi_qapi-builtin-visit.c.o
[330/1780] Compiling C object libqemuutil.a.p/meson-generated_.._qapi_qapi-types.c.o
[331/1780] Compiling C object libqemuutil.a.p/meson-generated_.._qapi_qapi-commands.c.o
[332/1780] Compiling C object libqemuutil.a.p/meson-generated_.._qapi_qapi-emit-events.c.o
[333/1780] Compiling C object libqemuutil.a.p/meson-generated_.._qapi_qapi-types-block.c.o
[334/1780] Compiling C object libqemuutil.a.p/meson-generated_.._qapi_qapi-commands-block.c.o
[335/1780] Compiling C object libqemuutil.a.p/meson-generated_.._qapi_qapi-builtin-types.c.o
[336/1780] Compiling C object libqemuutil.a.p/meson-generated_.._qapi_qapi-events.c.o
[337/1780] Compiling C object libqemuutil.a.p/meson-generated_.._qapi_qapi-events-block.c.o
[338/1780] Compiling C object libqemuutil.a.p/meson-generated_.._qapi_qapi-init-commands.c.o
[339/1780] Compiling C object libqemuutil.a.p/meson-generated_.._qapi_qapi-commands-authz.c.o
[340/1780] Compiling C object libqemuutil.a.p/meson-generated_.._qapi_qapi-visit-block.c.o
[341/1780] Compiling C object libqemuutil.a.p/meson-generated_.._qapi_qapi-events-block-export.c.o
[342/1780] Compiling C object libqemuutil.a.p/meson-generated_.._qapi_qapi-events-block-core.c.o
[343/1780] Compiling C object libqemuutil.a.p/meson-generated_.._qapi_qapi-types-authz.c.o
[344/1780] Compiling C object libqemuutil.a.p/meson-generated_.._qapi_qapi-events-common.c.o
[345/1780] Compiling C object libqemuutil.a.p/meson-generated_.._qapi_qapi-types-common.c.o
[346/1780] Compiling C object libqemuutil.a.p/meson-generated_.._qapi_qapi-introspect.c.o
[347/1780] Compiling C object libqemuutil.a.p/meson-generated_.._qapi_qapi-types-block-export.c.o
[348/1780] Compiling C object libqemuutil.a.p/meson-generated_.._qapi_qapi-commands-common.c.o
[349/1780] Compiling C object libqemuutil.a.p/meson-generated_.._qapi_qapi-types-char.c.o
[350/1780] Compiling C object libqemuutil.a.p/meson-generated_.._qapi_qapi-types-compat.c.o
[351/1780] Compiling C object libqemuutil.a.p/meson-generated_.._qapi_qapi-visit-common.c.o
[352/1780] Compiling C object libqemuutil.a.p/meson-generated_.._qapi_qapi-visit.c.o
[353/1780] Compiling C object libqemuutil.a.p/meson-generated_.._qapi_qapi-commands-block-export.c.o
[354/1780] Compiling C object libqemuutil.a.p/meson-generated_.._qapi_qapi-events-char.c.o
[355/1780] Compiling C object libqemuutil.a.p/meson-generated_.._qapi_qapi-visit-block-export.c.o
[356/1780] Compiling C object libqemuutil.a.p/meson-generated_.._qapi_qapi-commands-compat.c.o
[357/1780] Compiling C object libqemuutil.a.p/meson-generated_.._qapi_qapi-events-compat.c.o
[358/1780] Compiling C object libqemuutil.a.p/meson-generated_.._qapi_qapi-types-cxl.c.o
[359/1780] Compiling C object libqemuutil.a.p/meson-generated_.._qapi_qapi-visit-compat.c.o
[360/1780] Compiling C object libqemuutil.a.p/meson-generated_.._qapi_qapi-events-crypto.c.o
[361/1780] Compiling C object libqemuutil.a.p/meson-generated_.._qapi_qapi-commands-char.c.o
[362/1780] Compiling C object libqemuutil.a.p/meson-generated_.._qapi_qapi-types-control.c.o
[363/1780] Compiling C object libqemuutil.a.p/meson-generated_.._qapi_qapi-types-dump.c.o
[364/1780] Compiling C object libqemuutil.a.p/meson-generated_.._qapi_qapi-visit-control.c.o
[365/1780] Compiling C object libqemuutil.a.p/meson-generated_.._qapi_qapi-commands-crypto.c.o
[366/1780] Compiling C object libqemuutil.a.p/meson-generated_.._qapi_qapi-events-cxl.c.o
[367/1780] Compiling C object libqemuutil.a.p/meson-generated_.._qapi_qapi-commands-control.c.o
[368/1780] Compiling C object libqemuutil.a.p/meson-generated_.._qapi_qapi-types-crypto.c.o
[369/1780] Compiling C object libqemuutil.a.p/meson-generated_.._qapi_qapi-events-dump.c.o
[370/1780] Compiling C object libqemuutil.a.p/meson-generated_.._qapi_qapi-types-ebpf.c.o
[371/1780] Compiling C object libqemuutil.a.p/meson-generated_.._qapi_qapi-events-control.c.o
[372/1780] Compiling C object libqemuutil.a.p/meson-generated_.._qapi_qapi-visit-ebpf.c.o
[373/1780] Compiling C object libqemuutil.a.p/meson-generated_.._qapi_qapi-events-ebpf.c.o
[374/1780] Compiling C object libqemuutil.a.p/meson-generated_.._qapi_qapi-commands-cxl.c.o
[375/1780] Compiling C object libqemuutil.a.p/meson-generated_.._qapi_qapi-visit-dump.c.o
[376/1780] Compiling C object libqemuutil.a.p/meson-generated_.._qapi_qapi-types-block-core.c.o
[377/1780] Compiling C object libqemuutil.a.p/meson-generated_.._qapi_qapi-types-error.c.o
[378/1780] Compiling C object libqemuutil.a.p/meson-generated_.._qapi_qapi-commands-dump.c.o
[379/1780] Compiling C object libqemuutil.a.p/meson-generated_.._qapi_qapi-commands-ebpf.c.o
[380/1780] Compiling C object libqemuutil.a.p/meson-generated_.._qapi_qapi-visit-char.c.o
[381/1780] Compiling C object libqemuutil.a.p/meson-generated_.._qapi_qapi-commands-error.c.o
[382/1780] Compiling C object libqemuutil.a.p/meson-generated_.._qapi_qapi-events-introspect.c.o
[383/1780] Compiling C object libqemuutil.a.p/meson-generated_.._qapi_qapi-visit-crypto.c.o
[384/1780] Compiling C object libqemuutil.a.p/meson-generated_.._qapi_qapi-events-job.c.o
[385/1780] Compiling C object libqemuutil.a.p/meson-generated_.._qapi_qapi-commands-introspect.c.o
[386/1780] Compiling C object libqemuutil.a.p/meson-generated_.._qapi_qapi-visit-cxl.c.o
[387/1780] Compiling C object libqemuutil.a.p/meson-generated_.._qapi_qapi-visit-error.c.o
[388/1780] Compiling C object libqemuutil.a.p/meson-generated_.._qapi_qapi-types-introspect.c.o
[389/1780] Compiling C object libqemuutil.a.p/meson-generated_.._qapi_qapi-types-job.c.o
[390/1780] Compiling C object libqemuutil.a.p/meson-generated_.._qapi_qapi-events-error.c.o
[391/1780] Compiling C object libqemuutil.a.p/meson-generated_.._qapi_qapi-commands-machine-common.c.o
[392/1780] Compiling C object libqemuutil.a.p/meson-generated_.._qapi_qapi-commands-job.c.o
[393/1780] Compiling C object libqemuutil.a.p/meson-generated_.._qapi_qapi-events-machine.c.o
[394/1780] Compiling C object libqemuutil.a.p/meson-generated_.._qapi_qapi-visit-job.c.o
[395/1780] Compiling C object libqemuutil.a.p/meson-generated_.._qapi_qapi-commands-block-core.c.o
[396/1780] Compiling C object libqemuutil.a.p/meson-generated_.._qapi_qapi-visit-machine-s390x.c.o
[397/1780] Compiling C object libqemuutil.a.p/meson-generated_.._qapi_qapi-events-machine-common.c.o
[398/1780] Compiling C object libqemuutil.a.p/meson-generated_.._qapi_qapi-types-machine-s390x.c.o
[399/1780] Compiling C object libqemuutil.a.p/meson-generated_.._qapi_qapi-visit-introspect.c.o
[400/1780] Compiling C object libqemuutil.a.p/meson-generated_.._qapi_qapi-types-machine-common.c.o
[401/1780] Compiling C object libqemuutil.a.p/meson-generated_.._qapi_qapi-types-migration.c.o
[402/1780] Compiling C object libqemuutil.a.p/meson-generated_.._qapi_qapi-events-machine-s390x.c.o
[403/1780] Compiling C object libqemuutil.a.p/meson-generated_.._qapi_qapi-visit-machine-common.c.o
[404/1780] Compiling C object libqemuutil.a.p/meson-generated_.._qapi_qapi-commands-machine-s390x.c.o
[405/1780] Compiling C object libqemuutil.a.p/meson-generated_.._qapi_qapi-events-migration.c.o
[406/1780] Compiling C object libqemuutil.a.p/meson-generated_.._qapi_qapi-types-misc.c.o
[407/1780] Compiling C object libqemuutil.a.p/meson-generated_.._qapi_qapi-visit-pragma.c.o
[408/1780] Compiling C object libqemuutil.a.p/meson-generated_.._qapi_qapi-events-pragma.c.o
[409/1780] Compiling C object libqemuutil.a.p/meson-generated_.._qapi_qapi-types-machine.c.o
[410/1780] Compiling C object libqemuutil.a.p/meson-generated_.._qapi_qapi-types-pragma.c.o
[411/1780] Compiling C object libqemuutil.a.p/meson-generated_.._qapi_qapi-events-net.c.o
[412/1780] Compiling C object libqemuutil.a.p/meson-generated_.._qapi_qapi-commands-pragma.c.o
[413/1780] Compiling C object libqemuutil.a.p/meson-generated_.._qapi_qapi-events-misc.c.o
[414/1780] Compiling C object libqemuutil.a.p/meson-generated_.._qapi_qapi-types-net.c.o
[415/1780] Compiling C object libqemuutil.a.p/meson-generated_.._qapi_qapi-commands-misc.c.o
[416/1780] Compiling C object libqemuutil.a.p/meson-generated_.._qapi_qapi-commands-net.c.o
[417/1780] Compiling C object libqemuutil.a.p/meson-generated_.._qapi_qapi-visit-misc.c.o
[418/1780] Compiling C object libqemuutil.a.p/meson-generated_.._qapi_qapi-events-replay.c.o
[419/1780] Compiling C object libqemuutil.a.p/meson-generated_.._qapi_qapi-events-qom.c.o
[420/1780] Compiling C object libqemuutil.a.p/meson-generated_.._qapi_qapi-types-run-state.c.o
[421/1780] Compiling C object libqemuutil.a.p/meson-generated_.._qapi_qapi-visit-replay.c.o
[422/1780] Compiling C object libqemuutil.a.p/meson-generated_.._qapi_qapi-commands-run-state.c.o
[423/1780] Compiling C object libqemuutil.a.p/meson-generated_.._qapi_qapi-commands-replay.c.o
[424/1780] Compiling C object libqemuutil.a.p/meson-generated_.._qapi_qapi-types-replay.c.o
[425/1780] Compiling C object libqemuutil.a.p/meson-generated_.._qapi_qapi-types-qom.c.o
[426/1780] Compiling C object libqemuutil.a.p/meson-generated_.._qapi_qapi-events-run-state.c.o
[427/1780] Compiling C object libqemuutil.a.p/meson-generated_.._qapi_qapi-commands-qom.c.o
[428/1780] Compiling C object libqemuutil.a.p/meson-generated_.._qapi_qapi-events-stats.c.o
[429/1780] Compiling C object libqemuutil.a.p/meson-generated_.._qapi_qapi-types-stats.c.o
[430/1780] Compiling C object libqemuutil.a.p/meson-generated_.._qapi_qapi-types-sockets.c.o
[431/1780] Compiling C object libqemuutil.a.p/meson-generated_.._qapi_qapi-events-sockets.c.o
[432/1780] Compiling C object libqemuutil.a.p/meson-generated_.._qapi_qapi-visit-net.c.o
[433/1780] Compiling C object libqemuutil.a.p/meson-generated_.._qapi_qapi-commands-sockets.c.o
[434/1780] Compiling C object libqemuutil.a.p/meson-generated_.._qapi_qapi-commands-stats.c.o
[435/1780] Compiling C object libqemuutil.a.p/meson-generated_.._qapi_qapi-types-trace.c.o
[436/1780] Compiling C object libqemuutil.a.p/meson-generated_.._qapi_qapi-visit-machine.c.o
[437/1780] Compiling C object libqemuutil.a.p/meson-generated_.._qapi_qapi-events-trace.c.o
[438/1780] Compiling C object libqemuutil.a.p/meson-generated_.._qapi_qapi-visit-migration.c.o
[439/1780] Compiling C object libqemuutil.a.p/meson-generated_.._qapi_qapi-visit-trace.c.o
[440/1780] Compiling C object libqemuutil.a.p/meson-generated_.._qapi_qapi-visit-run-state.c.o
[441/1780] Compiling C object libqemuutil.a.p/meson-generated_.._qapi_qapi-visit-vfio.c.o
[442/1780] Compiling C object libqemuutil.a.p/meson-generated_.._qapi_qapi-commands-migration.c.o
[443/1780] Compiling C object libqemuutil.a.p/meson-generated_.._qapi_qapi-visit-stats.c.o
[444/1780] Compiling C object libqemuutil.a.p/meson-generated_.._qapi_qapi-visit-sockets.c.o
[445/1780] Compiling C object libqemuutil.a.p/meson-generated_.._qapi_qapi-commands-trace.c.o
[446/1780] Compiling C object libqemuutil.a.p/meson-generated_.._qapi_qapi-events-virtio.c.o
[447/1780] Compiling C object libqemuutil.a.p/meson-generated_.._qapi_qapi-events-transaction.c.o
[448/1780] Compiling C object libqemuutil.a.p/meson-generated_.._qapi_qapi-types-yank.c.o
[449/1780] Compiling C object libqemuutil.a.p/meson-generated_.._qapi_qapi-commands-vfio.c.o
[450/1780] Compiling C object libqemuutil.a.p/meson-generated_.._qapi_qapi-commands-machine.c.o
[451/1780] Compiling C object libqemuutil.a.p/meson-generated_.._qapi_qapi-types-transaction.c.o
[452/1780] Compiling C object libqemuutil.a.p/meson-generated_.._qapi_qapi-events-vfio.c.o
[453/1780] Compiling C object libqemuutil.a.p/meson-generated_.._qapi_qapi-types-vfio.c.o
[454/1780] Compiling C object libqemuutil.a.p/meson-generated_.._qapi_qapi-types-virtio.c.o
[455/1780] Compiling C object libqemuutil.a.p/meson-generated_.._qapi_qapi-events-yank.c.o
[456/1780] Compiling C object libqemuutil.a.p/meson-generated_.._qapi_qapi-visit-transaction.c.o
[457/1780] Compiling C object libqemuutil.a.p/meson-generated_.._qapi_qapi-commands-transaction.c.o
[458/1780] Compiling C object libqemuutil.a.p/meson-generated_.._qapi_qapi-events-accelerator.c.o
[459/1780] Compiling C object libqemuutil.a.p/meson-generated_.._qapi_qapi-visit-accelerator.c.o
[460/1780] Compiling C object libqemuutil.a.p/meson-generated_.._qapi_qapi-types-acpi.c.o
[461/1780] Compiling C object libqemuutil.a.p/meson-generated_.._qapi_qapi-visit-yank.c.o
[462/1780] Compiling C object libqemuutil.a.p/meson-generated_.._qapi_qapi-commands-yank.c.o
[463/1780] Compiling C object libqemuutil.a.p/meson-generated_.._qapi_qapi-commands-virtio.c.o
[464/1780] Compiling C object libqemuutil.a.p/meson-generated_.._qapi_qapi-visit-virtio.c.o
[465/1780] Compiling C object libqemuutil.a.p/meson-generated_.._qapi_qapi-commands-acpi.c.o
[466/1780] Compiling C object libqemuutil.a.p/meson-generated_.._qapi_qapi-types-acpi-hest.c.o
[467/1780] Compiling C object libqemuutil.a.p/meson-generated_.._qapi_qapi-commands-acpi-hest.c.o
[468/1780] Compiling C object libqemuutil.a.p/meson-generated_.._qapi_qapi-visit-acpi.c.o
[469/1780] Compiling C object libqemuutil.a.p/meson-generated_.._qapi_qapi-events-acpi.c.o
[470/1780] Compiling C object libqemuutil.a.p/meson-generated_.._qapi_qapi-visit-qom.c.o
[471/1780] Compiling C object libqemuutil.a.p/meson-generated_.._qapi_qapi-events-acpi-hest.c.o
[472/1780] Compiling C object libqemuutil.a.p/meson-generated_.._qapi_qapi-commands-accelerator.c.o
[473/1780] Compiling C object libqemuutil.a.p/meson-generated_.._qapi_qapi-types-accelerator.c.o
[474/1780] Compiling C object libqemuutil.a.p/meson-generated_.._qapi_qapi-events-audio.c.o
[475/1780] Compiling C object libqemuutil.a.p/meson-generated_.._qapi_qapi-visit-acpi-hest.c.o
[476/1780] Compiling C object libqemuutil.a.p/meson-generated_.._qapi_qapi-commands-audio.c.o
[477/1780] Compiling C object libqemuutil.a.p/meson-generated_.._qapi_qapi-events-cryptodev.c.o
[478/1780] Compiling C object libqemuutil.a.p/meson-generated_.._qapi_qapi-types-cryptodev.c.o
[479/1780] Compiling C object libqemuutil.a.p/meson-generated_.._qapi_qapi-events-pci.c.o
[480/1780] Compiling C object libqemuutil.a.p/meson-generated_.._qapi_qapi-commands-cryptodev.c.o
[481/1780] Compiling C object libqemuutil.a.p/meson-generated_.._qapi_qapi-types-qdev.c.o
[482/1780] Compiling C object libqemuutil.a.p/meson-generated_.._qapi_qapi-visit-qdev.c.o
[483/1780] Compiling C object libqemuutil.a.p/meson-generated_.._qapi_qapi-visit-pci.c.o
[484/1780] Compiling C object libqemuutil.a.p/meson-generated_.._qapi_qapi-types-audio.c.o
[485/1780] Compiling C object libqemuutil.a.p/meson-generated_.._qapi_qapi-commands-misc-arm.c.o
[486/1780] Compiling C object libqemuutil.a.p/meson-generated_.._qapi_qapi-commands-pci.c.o
[487/1780] Compiling C object libqemuutil.a.p/meson-generated_.._qapi_qapi-commands-qdev.c.o
[488/1780] Compiling C object libqemuutil.a.p/meson-generated_.._qapi_qapi-types-misc-i386.c.o
[489/1780] Compiling C object libqemuutil.a.p/meson-generated_.._qapi_qapi-visit-misc-arm.c.o
[490/1780] Compiling C object libqemuutil.a.p/meson-generated_.._qapi_qapi-visit-cryptodev.c.o
[491/1780] Compiling C object libqemuutil.a.p/meson-generated_.._qapi_qapi-visit-rocker.c.o
[492/1780] Compiling C object libqemuutil.a.p/meson-generated_.._qapi_qapi-events-misc-arm.c.o
[493/1780] Compiling C object libqemuutil.a.p/meson-generated_.._qapi_qapi-types-misc-arm.c.o
[494/1780] Compiling C object libqemuutil.a.p/meson-generated_.._qapi_qapi-events-qdev.c.o
[495/1780] Compiling C object libqemuutil.a.p/meson-generated_.._qapi_qapi-events-rocker.c.o
[496/1780] Compiling C object libqemuutil.a.p/meson-generated_.._qapi_qapi-types-rocker.c.o
[497/1780] Compiling C object libqemuutil.a.p/meson-generated_.._qapi_qapi-commands-rocker.c.o
[498/1780] Compiling C object libqemuutil.a.p/meson-generated_.._qapi_qapi-visit-audio.c.o
[499/1780] Compiling C object libqemuutil.a.p/meson-generated_.._qapi_qapi-commands-uefi.c.o
[500/1780] Compiling C object libqemuutil.a.p/meson-generated_.._qapi_qapi-visit-uefi.c.o
[501/1780] Compiling C object libqemuutil.a.p/meson-generated_.._qapi_qapi-types-tpm.c.o
[502/1780] Compiling C object libqemuutil.a.p/meson-generated_.._qapi_qapi-events-tpm.c.o
[503/1780] Compiling C object libqemuutil.a.p/meson-generated_.._qapi_qapi-events-uefi.c.o
[504/1780] Compiling C object libqemuutil.a.p/meson-generated_.._qapi_qapi-types-uefi.c.o
[505/1780] Compiling C object libqemuutil.a.p/meson-generated_.._qapi_qapi-events-misc-i386.c.o
[506/1780] Compiling C object libqemuutil.a.p/meson-generated_.._qapi_qapi-events-ui.c.o
[507/1780] Compiling C object libqemuutil.a.p/meson-generated_.._qapi_qapi-visit-tpm.c.o
[508/1780] Compiling C object libqemuutil.a.p/meson-generated_.._qapi_qapi-types-pci.c.o
[509/1780] Compiling C object libqemuutil.a.p/meson-generated_.._trace_trace-crypto.c.o
[510/1780] Compiling C object libqemuutil.a.p/meson-generated_.._trace_trace-root.c.o
[511/1780] Compiling C object libqemuutil.a.p/meson-generated_.._trace_trace-monitor.c.o
[512/1780] Compiling C object libqemuutil.a.p/meson-generated_.._qapi_qapi-visit-misc-i386.c.o
[513/1780] Compiling C object libqemuutil.a.p/meson-generated_.._trace_trace-authz.c.o
[514/1780] Compiling C object libqemuutil.a.p/meson-generated_.._qapi_qapi-commands-misc-i386.c.o
[515/1780] Compiling C object libqemuutil.a.p/meson-generated_.._trace_trace-accel_hvf.c.o
[516/1780] Compiling C object libqemuutil.a.p/meson-generated_.._trace_trace-gdbstub.c.o
[517/1780] Compiling C object libqemuutil.a.p/meson-generated_.._qapi_qapi-commands-tpm.c.o
[518/1780] Compiling C object libqemuutil.a.p/meson-generated_.._trace_trace-qom.c.o
[519/1780] Compiling C object libqemuutil.a.p/meson-generated_.._trace_trace-chardev.c.o
[520/1780] Compiling C object libqemuutil.a.p/meson-generated_.._trace_trace-util.c.o
[521/1780] Compiling C object libqemuutil.a.p/meson-generated_.._trace_trace-scsi.c.o
[522/1780] Compiling C object libqemuutil.a.p/meson-generated_.._trace_trace-block.c.o
[523/1780] Compiling C object libqemuutil.a.p/meson-generated_.._trace_trace-audio.c.o
[524/1780] Compiling C object libqemuutil.a.p/meson-generated_.._qapi_qapi-types-ui.c.o
[525/1780] Compiling C object libqemuutil.a.p/meson-generated_.._trace_trace-accel_kvm.c.o
[526/1780] Compiling C object libqemuutil.a.p/meson-generated_.._trace_trace-qapi.c.o
[527/1780] Compiling C object libqemuutil.a.p/meson-generated_.._trace_trace-accel_mshv.c.o
[528/1780] Compiling C object libqemuutil.a.p/meson-generated_.._trace_trace-accel_nitro.c.o
[529/1780] Compiling C object libqemuutil.a.p/meson-generated_.._trace_trace-backends.c.o
[530/1780] Compiling C object libqemuutil.a.p/meson-generated_.._trace_trace-io.c.o
[531/1780] Compiling C object libqemuutil.a.p/meson-generated_.._trace_trace-hw_9pfs.c.o
[532/1780] Compiling C object libqemuutil.a.p/meson-generated_.._trace_trace-hw_arm.c.o
[533/1780] Compiling C object libqemuutil.a.p/meson-generated_.._trace_trace-ebpf.c.o
[534/1780] Compiling C object libqemuutil.a.p/meson-generated_.._trace_trace-hw_char.c.o
[535/1780] Compiling C object libqemuutil.a.p/meson-generated_.._trace_trace-hw_alpha.c.o
[536/1780] Compiling C object libqemuutil.a.p/meson-generated_.._trace_trace-hw_acpi.c.o
[537/1780] Compiling C object libqemuutil.a.p/meson-generated_.._trace_trace-hw_adc.c.o
[538/1780] Compiling C object libqemuutil.a.p/meson-generated_.._trace_trace-hw_block.c.o
[539/1780] Compiling C object libqemuutil.a.p/meson-generated_.._trace_trace-hw_fsi.c.o
[540/1780] Compiling C object libqemuutil.a.p/meson-generated_.._trace_trace-hw_i386_xen.c.o
[541/1780] Compiling C object libqemuutil.a.p/meson-generated_.._trace_trace-hw_hyperv.c.o
[542/1780] Compiling C object libqemuutil.a.p/meson-generated_.._trace_trace-hw_display.c.o
[543/1780] Compiling C object libqemuutil.a.p/meson-generated_.._trace_trace-hw_i386.c.o
[544/1780] Compiling C object libqemuutil.a.p/meson-generated_.._trace_trace-nbd.c.o
[545/1780] Compiling C object libqemuutil.a.p/meson-generated_.._qapi_qapi-commands-ui.c.o
[546/1780] Compiling C object libqemuutil.a.p/meson-generated_.._trace_trace-hw_dma.c.o
[547/1780] Compiling C object libqemuutil.a.p/meson-generated_.._trace_trace-hw_i2c.c.o
[548/1780] Compiling C object libqemuutil.a.p/meson-generated_.._trace_trace-hw_audio.c.o
[549/1780] Compiling C object libqemuutil.a.p/meson-generated_.._trace_trace-backends_tpm.c.o
[550/1780] Compiling C object libqemuutil.a.p/meson-generated_.._trace_trace-hw_input.c.o
[551/1780] Compiling C object libqemuutil.a.p/meson-generated_.._trace_trace-hw_mips.c.o
[552/1780] Compiling C object libqemuutil.a.p/meson-generated_.._trace_trace-hw_ide.c.o
[553/1780] Compiling C object libqemuutil.a.p/meson-generated_.._trace_trace-hw_i386_kvm.c.o
[554/1780] Compiling C object libqemuutil.a.p/meson-generated_.._trace_trace-hw_nubus.c.o
[555/1780] Compiling C object libqemuutil.a.p/meson-generated_.._trace_trace-hw_nvram.c.o
[556/1780] Compiling C object libqemuutil.a.p/meson-generated_.._trace_trace-hw_net.c.o
[557/1780] Compiling C object libqemuutil.a.p/meson-generated_.._trace_trace-hw_nitro.c.o
[558/1780] Compiling C object libqemuutil.a.p/meson-generated_.._trace_trace-hw_misc.c.o
[559/1780] Compiling C object libqemuutil.a.p/meson-generated_.._trace_trace-hw_i3c.c.o
[560/1780] Compiling C object libqemuutil.a.p/meson-generated_.._trace_trace-hw_nvme.c.o
[561/1780] Compiling C object libqemuutil.a.p/meson-generated_.._trace_trace-hw_pci_host.c.o
[562/1780] Compiling C object libqemuutil.a.p/meson-generated_.._trace_trace-hw_mem.c.o
[563/1780] Compiling C object libqemuutil.a.p/meson-generated_.._trace_trace-hw_misc_macio.c.o
[564/1780] Compiling C object libqemuutil.a.p/meson-generated_.._trace_trace-hw_pci.c.o
[565/1780] Compiling C object libqemuutil.a.p/meson-generated_.._trace_trace-hw_intc.c.o
[566/1780] Compiling C object libqemuutil.a.p/meson-generated_.._trace_trace-hw_sd.c.o
[567/1780] Compiling C object libqemuutil.a.p/meson-generated_.._trace_trace-hw_sensor.c.o
[568/1780] Compiling C object libqemuutil.a.p/meson-generated_.._trace_trace-hw_sh4.c.o
[569/1780] Compiling C object libqemuutil.a.p/meson-generated_.._trace_trace-hw_isa.c.o
[570/1780] Compiling C object libqemuutil.a.p/meson-generated_.._qapi_qapi-visit-ui.c.o
[571/1780] Compiling C object libqemuutil.a.p/meson-generated_.._trace_trace-hw_ppc.c.o
[572/1780] Compiling C object libqemuutil.a.p/meson-generated_.._trace_trace-hw_timer.c.o
[573/1780] Compiling C object libqemuutil.a.p/meson-generated_.._trace_trace-hw_net_can.c.o
[574/1780] Compiling C object libqemuutil.a.p/meson-generated_.._trace_trace-hw_rtc.c.o
[575/1780] Compiling C object libqemuutil.a.p/meson-generated_.._trace_trace-hw_s390x.c.o
[576/1780] Compiling C object libqemuutil.a.p/meson-generated_.._qapi_qapi-visit-block-core.c.o
[577/1780] Compiling C object libqemuutil.a.p/meson-generated_.._trace_trace-hw_sparc.c.o
[578/1780] Compiling C object libqemuutil.a.p/meson-generated_.._trace_trace-hw_ssi.c.o
[579/1780] Compiling C object libqemuutil.a.p/meson-generated_.._trace_trace-hw_tpm.c.o
[580/1780] Compiling C object libqemuutil.a.p/meson-generated_.._trace_trace-hw_sparc64.c.o
[581/1780] Compiling C object libqemuutil.a.p/meson-generated_.._trace_trace-hw_uefi.c.o
[582/1780] Compiling C object libqemuutil.a.p/meson-generated_.._trace_trace-hw_scsi.c.o
[583/1780] Compiling C object libqemuutil.a.p/meson-generated_.._trace_trace-hw_vmapple.c.o
[584/1780] Compiling C object libqemuutil.a.p/meson-generated_.._trace_trace-hw_watchdog.c.o
[585/1780] Compiling C object libqemuutil.a.p/meson-generated_.._trace_trace-hw_vfio.c.o
[586/1780] Compiling C object libqemuutil.a.p/meson-generated_.._trace_trace-hw_gpio.c.o
[587/1780] Compiling C object libqemuutil.a.p/meson-generated_.._trace_trace-hw_riscv.c.o
[588/1780] Compiling C object libqemuutil.a.p/meson-generated_.._trace_trace-hw_remote.c.o
[589/1780] Compiling C object libqemuutil.a.p/meson-generated_.._trace_trace-hw_xen.c.o
[590/1780] Compiling C object libqemuutil.a.p/meson-generated_.._trace_trace-replay.c.o
[591/1780] Compiling C object libqemuutil.a.p/meson-generated_.._trace_trace-target_hppa.c.o
[592/1780] Compiling C object libqemuutil.a.p/meson-generated_.._trace_trace-migration.c.o
[593/1780] Compiling C object libqemuutil.a.p/meson-generated_.._trace_trace-hw_ufs.c.o
[594/1780] Compiling C object libqemuutil.a.p/meson-generated_.._trace_trace-hw_vfio_user.c.o
[595/1780] Compiling C object libqemuutil.a.p/meson-generated_.._trace_trace-hw_virtio.c.o
[596/1780] Compiling C object libqemuutil.a.p/meson-generated_.._trace_trace-target_arm.c.o
[597/1780] Compiling C object libqemuutil.a.p/meson-generated_.._trace_trace-target_arm_hvf.c.o
[598/1780] Compiling C object libqemuutil.a.p/meson-generated_.._trace_trace-ui.c.o
[599/1780] Compiling C object libqemuutil.a.p/meson-generated_.._trace_trace-net.c.o
[600/1780] Compiling C object libqemuutil.a.p/meson-generated_.._trace_trace-accel_tcg.c.o
[601/1780] Compiling C object libqemuutil.a.p/meson-generated_.._trace_trace-system.c.o
[602/1780] Compiling C object libqemuutil.a.p/meson-generated_.._trace_trace-hw_core.c.o
[603/1780] Compiling C object libqemuutil.a.p/meson-generated_.._trace_trace-target_riscv.c.o
[604/1780] Compiling C object libqemuutil.a.p/meson-generated_.._trace_trace-target_mips_tcg.c.o
[605/1780] Compiling C object libqemuutil.a.p/meson-generated_.._trace_trace-hw_usb.c.o
[606/1780] Compiling C object libqemuutil.a.p/meson-generated_.._trace_trace-target_i386_whpx.c.o
[607/1780] Compiling C object libqemuutil.a.p/meson-generated_.._trace_trace-target_loongarch.c.o
[608/1780] Compiling C object libqemuutil.a.p/meson-generated_.._trace_trace-target_s390x_kvm.c.o
[609/1780] Compiling C object libqemuutil.a.p/meson-generated_.._trace_trace-target_ppc.c.o
[610/1780] Compiling C object libqemuutil.a.p/meson-generated_.._trace_trace-target_sparc.c.o
[611/1780] Compiling C object libqemuutil.a.p/meson-generated_.._trace_trace-target_s390x.c.o
[612/1780] Compiling C object libqemuutil.a.p/meson-generated_.._trace_trace-target_i386.c.o
[613/1780] Compiling C object libqemuutil.a.p/meson-generated_.._trace_trace-target_i386_kvm.c.o
[614/1780] Compiling C object libqemuutil.a.p/meson-generated_.._trace_trace-qapi_commands_block_export_trace_events.c.o
[615/1780] Compiling C object libqemuutil.a.p/meson-generated_.._trace_trace-qapi_commands_dump_trace_events.c.o
[616/1780] Compiling C object libqemuutil.a.p/meson-generated_.._trace_trace-qapi_commands_ebpf_trace_events.c.o
[617/1780] Compiling C object libqemuutil.a.p/meson-generated_.._trace_trace-qapi_commands_block_core_trace_events.c.o
[618/1780] Compiling C object libqemuutil.a.p/meson-generated_.._trace_trace-qapi_commands_block_trace_events.c.o
[619/1780] Compiling C object libqemuutil.a.p/meson-generated_.._trace_trace-qapi_commands_authz_trace_events.c.o
[620/1780] Compiling C object libqemuutil.a.p/meson-generated_.._trace_trace-qapi_commands_error_trace_events.c.o
[621/1780] Compiling C object libqemuutil.a.p/meson-generated_.._trace_trace-qapi_commands_compat_trace_events.c.o
[622/1780] Compiling C object libqemuutil.a.p/meson-generated_.._trace_trace-qapi_commands_misc_trace_events.c.o
[623/1780] Compiling C object libqemuutil.a.p/meson-generated_.._trace_trace-qapi_commands_crypto_trace_events.c.o
[624/1780] Compiling C object libqemuutil.a.p/meson-generated_.._trace_trace-qapi_commands_common_trace_events.c.o
[625/1780] Compiling C object libqemuutil.a.p/meson-generated_.._trace_trace-qapi_commands_control_trace_events.c.o
[626/1780] Compiling C object libqemuutil.a.p/meson-generated_.._trace_trace-qapi_commands_machine_trace_events.c.o
[627/1780] Compiling C object libqemuutil.a.p/meson-generated_.._trace_trace-qapi_commands_machine_common_trace_events.c.o
[628/1780] Compiling C object libqemuutil.a.p/meson-generated_.._trace_trace-qapi_commands_job_trace_events.c.o
[629/1780] Compiling C object libqemuutil.a.p/meson-generated_.._trace_trace-qapi_commands_machine_s390x_trace_events.c.o
[630/1780] Compiling C object libqemuutil.a.p/meson-generated_.._trace_trace-qapi_commands_net_trace_events.c.o
[631/1780] Compiling C object libqemuutil.a.p/meson-generated_.._trace_trace-qapi_commands_cxl_trace_events.c.o
[632/1780] Compiling C object libqemuutil.a.p/meson-generated_.._trace_trace-qapi_commands_qom_trace_events.c.o
[633/1780] Compiling C object libqemuutil.a.p/meson-generated_.._trace_trace-qapi_commands_replay_trace_events.c.o
[634/1780] Compiling C object libqemuutil.a.p/meson-generated_.._trace_trace-qapi_commands_pragma_trace_events.c.o
[635/1780] Compiling C object libqemuutil.a.p/meson-generated_.._trace_trace-qapi_commands_stats_trace_events.c.o
[636/1780] Compiling C object libqemuutil.a.p/meson-generated_.._trace_trace-qapi_commands_vfio_trace_events.c.o
[637/1780] Compiling C object libqemuutil.a.p/meson-generated_.._trace_trace-qapi_commands_migration_trace_events.c.o
[638/1780] Compiling C object libqemuutil.a.p/meson-generated_.._trace_trace-qapi_commands_sockets_trace_events.c.o
[639/1780] Compiling C object libqemuutil.a.p/meson-generated_.._trace_trace-qapi_commands_virtio_trace_events.c.o
[640/1780] Compiling C object libqemuutil.a.p/meson-generated_.._trace_trace-qapi_commands_char_trace_events.c.o
[641/1780] Compiling C object libqemuutil.a.p/meson-generated_.._trace_trace-qapi_commands_introspect_trace_events.c.o
[642/1780] Compiling C object libqemuutil.a.p/meson-generated_.._trace_trace-qapi_commands_acpi_hest_trace_events.c.o
[643/1780] Compiling C object libqemuutil.a.p/meson-generated_.._trace_trace-qapi_commands_run_state_trace_events.c.o
[644/1780] Compiling C object libqemuutil.a.p/meson-generated_.._trace_trace-qapi_commands_accelerator_trace_events.c.o
[645/1780] Compiling C object libqemuutil.a.p/meson-generated_.._trace_trace-qapi_commands_acpi_trace_events.c.o
[646/1780] Compiling C object libqemuutil.a.p/meson-generated_.._trace_trace-qapi_commands_tpm_trace_events.c.o
[647/1780] Compiling C object libqemuutil.a.p/meson-generated_.._trace_trace-qapi_commands_rocker_trace_events.c.o
[648/1780] Compiling C object libqemuutil.a.p/meson-generated_.._trace_trace-qapi_commands_trace_trace_events.c.o
[649/1780] Compiling C object libqemuutil.a.p/meson-generated_.._trace_trace-qapi_commands_pci_trace_events.c.o
[650/1780] Compiling C object libqemuutil.a.p/meson-generated_.._trace_trace-qapi_commands_transaction_trace_events.c.o
[651/1780] Compiling C object libqemuutil.a.p/meson-generated_.._trace_trace-qapi_commands_yank_trace_events.c.o
[652/1780] Compiling C object libqemuutil.a.p/meson-generated_.._trace_trace-qapi_commands_qdev_trace_events.c.o
[653/1780] Compiling C object libqemuutil.a.p/meson-generated_.._trace_trace-qapi_commands_misc_arm_trace_events.c.o
[654/1780] Compiling C object libqemuutil.a.p/qapi_qapi-dealloc-visitor.c.o
[655/1780] Compiling C object libqemuutil.a.p/meson-generated_.._trace_trace-qapi_commands_cryptodev_trace_events.c.o
[656/1780] Compiling C object libqemuutil.a.p/meson-generated_.._trace_trace-qapi_commands_misc_i386_trace_events.c.o
[657/1780] Compiling C object libqemuutil.a.p/qapi_opts-visitor.c.o
[658/1780] Compiling C object libqemuutil.a.p/meson-generated_.._trace_trace-qapi_commands_uefi_trace_events.c.o
[659/1780] Compiling C object libqemuutil.a.p/meson-generated_.._trace_trace-qapi_commands_ui_trace_events.c.o
[660/1780] Compiling C object libqemuutil.a.p/qapi_qapi-clone-visitor.c.o
[661/1780] Compiling C object libqemuutil.a.p/qobject_qnull.c.o
[662/1780] Compiling C object libqemuutil.a.p/meson-generated_.._trace_trace-qapi_commands_audio_trace_events.c.o
[663/1780] Compiling C object libqemuutil.a.p/qapi_string-input-visitor.c.o
[664/1780] Compiling C object libqemuutil.a.p/qapi_qmp-event.c.o
[665/1780] Compiling C object libqemuutil.a.p/qapi_string-output-visitor.c.o
[666/1780] Compiling C object libqemuutil.a.p/qapi_qobject-output-visitor.c.o
[667/1780] Compiling C object libqemuutil.a.p/qapi_qapi-util.c.o
[668/1780] Compiling C object libqemuutil.a.p/qobject_qnum.c.o
[669/1780] Compiling C object libqemuutil.a.p/qobject_qobject.c.o
[670/1780] Compiling C object libqemuutil.a.p/qapi_qapi-forward-visitor.c.o
[671/1780] Compiling C object libqemuutil.a.p/qobject_qbool.c.o
[672/1780] Compiling C object libqemuutil.a.p/qapi_qmp-dispatch.c.o
[673/1780] Compiling C object libqemuutil.a.p/qapi_qobject-input-visitor.c.o
[674/1780] Compiling C object libqemuutil.a.p/qobject_qlit.c.o
[675/1780] Compiling C object libqemuutil.a.p/qobject_json-lexer.c.o
[676/1780] Compiling C object libqemuutil.a.p/qobject_qdict.c.o
[677/1780] Compiling C object libqemuutil.a.p/util_unicode.c.o
[678/1780] Compiling C object libqemuutil.a.p/qapi_qapi-type-helpers.c.o
[679/1780] Compiling C object libqemuutil.a.p/qobject_json-streamer.c.o
[680/1780] Compiling C object libqemuutil.a.p/util_qemu-timer-common.c.o
[681/1780] Compiling C object libqemuutil.a.p/qapi_qmp-registry.c.o
[682/1780] Compiling C object libqemuutil.a.p/qobject_qstring.c.o
[683/1780] Compiling C object libqemuutil.a.p/qobject_json-parser.c.o
[684/1780] Compiling C object libqemuutil.a.p/qobject_qjson.c.o
[685/1780] Compiling C object libqemuutil.a.p/util_compatfd.c.o
[686/1780] Compiling C object libqemuutil.a.p/qobject_json-writer.c.o
[687/1780] Compiling C object libqemuutil.a.p/util_fdmon-epoll.c.o
[688/1780] Compiling C object libqemuutil.a.p/util_fdmon-poll.c.o
[689/1780] Compiling C object libqemuutil.a.p/util_mmap-alloc.c.o
[690/1780] Compiling C object libqemuutil.a.p/qobject_qlist.c.o
[691/1780] Compiling C object libqemuutil.a.p/util_thread-context.c.o
[692/1780] Compiling C object libqemuutil.a.p/util_defer-call.c.o
[693/1780] Compiling C object libqemuutil.a.p/util_drm.c.o
[694/1780] Compiling C object libqemuutil.a.p/util_module.c.o
[695/1780] Compiling C object libqemuutil.a.p/util_event_notifier-posix.c.o
[696/1780] Compiling C object libqemuutil.a.p/qapi_qapi-visit-core.c.o
[697/1780] Compiling C object libqemuutil.a.p/util_envlist.c.o
[698/1780] Compiling C object libqemuutil.a.p/util_event.c.o
[699/1780] Compiling C object libqemuutil.a.p/util_cutils.c.o
[700/1780] Compiling C object libqemuutil.a.p/util_hexdump.c.o
[701/1780] Compiling C object libqemuutil.a.p/util_memfd.c.o
[702/1780] Compiling C object libqemuutil.a.p/util_path.c.o
[703/1780] Compiling C object libqemuutil.a.p/util_osdep.c.o
[704/1780] Compiling C object libqemuutil.a.p/qobject_block-qdict.c.o
[705/1780] Compiling C object libqemuutil.a.p/util_cacheflush.c.o
[706/1780] Compiling C object libqemuutil.a.p/util_bitmap.c.o
[707/1780] Compiling C object libqemuutil.a.p/util_qemu-thread-posix.c.o
[708/1780] Compiling C object libqemuutil.a.p/util_notify.c.o
[709/1780] Compiling C object libqemuutil.a.p/util_crc32c.c.o
[710/1780] Compiling C object libqemuutil.a.p/util_error.c.o
[711/1780] Compiling C object libqemuutil.a.p/util_qemu-config.c.o
[712/1780] Compiling C object libqemuutil.a.p/util_error-report.c.o
[713/1780] Compiling C object libqemuutil.a.p/util_id.c.o
[714/1780] Compiling C object libqemuutil.a.p/util_host-utils.c.o
[715/1780] Compiling C object libqemuutil.a.p/util_aio-posix.c.o
[716/1780] Compiling C object libqemuutil.a.p/util_fdmon-io_uring.c.o
[717/1780] Compiling C object libqemuutil.a.p/util_bitops.c.o
[718/1780] Compiling C object libqemuutil.a.p/util_qemu-print.c.o
[719/1780] Compiling C object libqemuutil.a.p/util_getauxval.c.o
[720/1780] Compiling C object libqemuutil.a.p/util_reserved-region.c.o
[721/1780] Compiling C object libqemuutil.a.p/util_guest-random.c.o
[722/1780] Compiling C object libqemuutil.a.p/util_fifo8.c.o
[723/1780] Compiling C object libqemuutil.a.p/util_int128.c.o
[724/1780] Compiling C object libqemuutil.a.p/util_range.c.o
[725/1780] Compiling C object libqemuutil.a.p/util_uuid.c.o
[726/1780] Compiling C object libqemuutil.a.p/util_qemu-progress.c.o
[727/1780] Compiling C object libqemuutil.a.p/util_oslib-posix.c.o
[728/1780] Compiling C object libqemuutil.a.p/util_qsp.c.o
[729/1780] Compiling C object libqemuutil.a.p/util_systemd.c.o
[730/1780] Compiling C object libqemuutil.a.p/util_memalign.c.o
[731/1780] Compiling C object libqemuutil.a.p/util_aiocb.c.o
[732/1780] Compiling C object libqemuutil.a.p/util_rcu.c.o
[733/1780] Compiling C object libqemuutil.a.p/util_transactions.c.o
[734/1780] Compiling C object libqemuutil.a.p/util_crc-ccitt.c.o
[735/1780] Compiling C object libqemuutil.a.p/util_keyval.c.o
[736/1780] Compiling C object libqemuutil.a.p/util_base64.c.o
[737/1780] Compiling C object libqemuutil.a.p/util_aio-wait.c.o
[738/1780] Compiling C object libqemuutil.a.p/util_userfaultfd.c.o
[739/1780] Compiling C object libqemuutil.a.p/util_qht.c.o
[740/1780] Compiling C object libqemuutil.a.p/util_lockcnt.c.o
[741/1780] Compiling C object libqemuutil.a.p/util_dbus.c.o
[742/1780] Compiling C object libqemuutil.a.p/util_interval-tree.c.o
[743/1780] Compiling C object libqemuutil.a.p/util_qdist.c.o
[744/1780] Compiling C object libqemuutil.a.p/util_qemu-coroutine.c.o
[745/1780] Compiling C object libqemuutil.a.p/util_log.c.o
[746/1780] Compiling C object libqemuutil.a.p/util_coroutine-ucontext.c.o
[747/1780] Compiling C object libqemuutil.a.p/util_qemu-coroutine-io.c.o
[748/1780] Compiling C object libqemuutil.a.p/util_qemu-coroutine-lock.c.o
[749/1780] Compiling C object libqemuutil.a.p/util_main-loop.c.o
[750/1780] Compiling C object libqemuutil.a.p/util_thread-pool.c.o
[751/1780] Compiling C object libqemuutil.a.p/util_qemu-option.c.o
[752/1780] Compiling C object libqemuutil.a.p/util_block-helpers.c.o
[753/1780] Compiling C object libqemuutil.a.p/util_qemu-coroutine-sleep.c.o
[754/1780] Compiling C object libqemuutil.a.p/util_nvdimm-utils.c.o
[755/1780] Compiling C object libqemuutil.a.p/util_buffer.c.o
[756/1780] Compiling C object libqemuutil.a.p/util_qemu-co-shared-resource.c.o
[757/1780] Compiling C object libqemuutil.a.p/util_qemu-co-timeout.c.o
[758/1780] Compiling C object libqemuutil.a.p/util_timed-average.c.o
[759/1780] Compiling C object libqemuutil.a.p/util_qemu-sockets.c.o
[760/1780] Compiling C object libqemuutil.a.p/util_async.c.o
[761/1780] Compiling C object libqemuutil.a.p/util_chardev_open.c.o
[762/1780] Compiling C object libqemuutil.a.p/util_iova-tree.c.o
[763/1780] Compiling C object libqemuutil.a.p/util_iov.c.o
[764/1780] Compiling C object libqemuutil.a.p/util_cpuinfo-i386.c.o
[765/1780] Compiling C object libqemuutil.a.p/crypto_sm4.c.o
[766/1780] Compiling C object libqemuutil.a.p/stubs_cpu-get-clock.c.o
[767/1780] Compiling C object libqemuutil.a.p/crypto_random-gnutls.c.o
[768/1780] Compiling C object libqemuutil.a.p/util_qemu-timer.c.o
[769/1780] Compiling C object libqemuutil.a.p/crypto_init.c.o
[770/1780] Compiling C object libqemuutil.a.p/trace_qmp.c.o
[771/1780] Compiling C object libqemuutil.a.p/util_hbitmap.c.o
[772/1780] Compiling C object libqemuutil.a.p/util_vfio-helpers.c.o
[773/1780] Compiling C object libqemuutil.a.p/util_filemonitor-inotify.c.o
[774/1780] Compiling C object libqemuutil.a.p/util_yank.c.o
[775/1780] Compiling C object libqemuutil.a.p/stubs_iothread-lock.c.o
[776/1780] Compiling C object libqemuutil.a.p/util_readline.c.o
[777/1780] Compiling C object libqemuutil.a.p/util_vhost-user-server.c.o
[778/1780] Compiling C object libqemuutil.a.p/util_throttle.c.o
[779/1780] Compiling C object libqemuutil.a.p/stubs_bdrv-next-monitor-owned.c.o
[780/1780] Compiling C object libqemuutil.a.p/stubs_fdset.c.o
[781/1780] Compiling C object libqemuutil.a.p/stubs_blk-commit-all.c.o
[782/1780] Compiling C object libqemuutil.a.p/stubs_blk-exp-close-all.c.o
[783/1780] Compiling C object libqemuutil.a.p/stubs_is-daemonized.c.o
[784/1780] Compiling C object libqemuutil.a.p/stubs_get-vm-name.c.o
[785/1780] Compiling C object libqemuutil.a.p/util_bufferiszero.c.o
[786/1780] Compiling C object libqemuutil.a.p/trace_control.c.o
[787/1780] Compiling C object libqemuutil.a.p/stubs_trace-control.c.o
[788/1780] Compiling C object libqemuutil.a.p/stubs_migr-blocker.c.o
[789/1780] Compiling C object libqemuutil.a.p/stubs_blockdev-close-all-bdrv-states.c.o
[790/1780] Compiling C object libqemuutil.a.p/stubs_monitor-core.c.o
[791/1780] Compiling C object libqemuutil.a.p/stubs_change-state-handler.c.o
[792/1780] Compiling C object libqemuutil.a.p/stubs_uuid.c.o
[793/1780] Compiling C object libqemuutil.a.p/stubs_cpus-virtual-clock.c.o
[794/1780] Compiling C object libqemuutil.a.p/stubs_iothread-lock-block.c.o
[795/1780] Compiling C object libqemuutil.a.p/stubs_physmem.c.o
[796/1780] Compiling C object libqemuutil.a.p/stubs_runstate-check.c.o
[797/1780] Compiling C object libqemuutil.a.p/stubs_qmp-command-available.c.o
[798/1780] Compiling C object libqemuutil.a.p/stubs_icount.c.o
[799/1780] Compiling C object libqemuutil.a.p/stubs_async-run-on-cpu.c.o
[800/1780] Compiling C object libqemuutil.a.p/stubs_replay-mode.c.o
[801/1780] Compiling C object libqemuutil.a.p/stubs_qemu-timer-notify-cb.c.o
[802/1780] Compiling C object libqemuutil.a.p/stubs_cpus-queue.c.o
[803/1780] Compiling C object libqemuutil.a.p/stubs_linux-aio.c.o
[804/1780] Compiling C object libqemuutil.a.p/stubs_graph-lock.c.o
[805/1780] Compiling C object libqemuutil.a.p/stubs_vm-stop.c.o
[806/1780] Compiling C object libqemuutil.a.p/stubs_fw_cfg.c.o
[807/1780] Compiling C object libqemuutil.a.p/stubs_qtest.c.o
[808/1780] Compiling C object libqemuutil.a.p/crypto_clmul.c.o
[809/1780] Compiling C object libqemuutil.a.p/stubs_target-get-monitor-def.c.o
[810/1780] Compiling C object libqemuutil.a.p/stubs_vmstate.c.o
[811/1780] Compiling C object libqemuutil.a.p/stubs_replay-tools.c.o
[812/1780] Compiling C object libqemuutil.a.p/stubs_cmos.c.o
[813/1780] Compiling C object libqemuutil.a.p/stubs_monitor-internal.c.o
[814/1780] Compiling C object libqemuutil.a.p/stubs_qmp-quit.c.o
[815/1780] Compiling C object libqemuutil.a.p/stubs_target-monitor-defs.c.o
[816/1780] Compiling C object libqemuutil.a.p/stubs_win32-kbd-hook.c.o
[817/1780] Compiling C object libqemuutil.a.p/stubs_monitor-i386-rtc.c.o
[818/1780] Compiling C object libqemuutil.a.p/stubs_dump.c.o
[819/1780] Compiling C object libqemuutil.a.p/stubs_monitor-cpu-s390x.c.o
[820/1780] Compiling C object libqemuutil.a.p/stubs_monitor-arm-gic.c.o
[821/1780] Compiling C object libqemuutil.a.p/stubs_kvm.c.o
[822/1780] Compiling C object libqemuutil.a.p/crypto_aes.c.o
[823/1780] Compiling C object libqemuutil.a.p/semihosting_stubs-system.c.o
[824/1780] Compiling C object libqemuutil.a.p/semihosting_stubs-all.c.o
[825/1780] Compiling C object libqemuutil.a.p/stubs_replay.c.o
[826/1780] Compiling C object libqemuutil.a.p/stubs_monitor-i386-sgx.c.o
[827/1780] Compiling C object libqemuutil.a.p/stubs_hotplug-stubs.c.o
[828/1780] Compiling C object libqemuutil.a.p/stubs_monitor-i386-xen.c.o
[829/1780] Compiling C object libqemuutil.a.p/stubs_ram-block.c.o
[830/1780] Compiling C object libqemuutil.a.p/stubs_monitor-cpu-s390x-kvm.c.o
[831/1780] Compiling C object libqemuutil.a.p/accel_stubs_nvmm-stub.c.o
[832/1780] Compiling C object libqemuutil.a.p/stubs_monitor-i386-sev.c.o
[833/1780] Compiling C object libqemuutil.a.p/stubs_monitor-cpu.c.o
[834/1780] Compiling C object libqemuutil.a.p/fsdev_qemu-fsdev-dummy.c.o
[835/1780] Compiling C object libqemuutil.a.p/stubs_xen-hw-stub.c.o
[836/1780] Compiling C object libqemuutil.a.p/stubs_sysbus.c.o
[837/1780] Compiling C object libqemuutil.a.p/semihosting_arm-compat-semi-stub.c.o
[838/1780] Compiling C object libqemuutil.a.p/accel_stubs_kvm-stub.c.o
[839/1780] Compiling C object libqemuutil.a.p/hw_i386_kvm_xen-stubs.c.o
[840/1780] Compiling C object libqemuutil.a.p/hw_acpi_acpi-pci-hotplug-stub.c.o
[841/1780] Compiling C object libqemuutil.a.p/accel_stubs_nitro-stub.c.o
[842/1780] Compiling C object libqemuutil.a.p/hw_acpi_cxl-stub.c.o
[843/1780] Compiling C object libqemuutil.a.p/accel_stubs_whpx-stub.c.o
[844/1780] Compiling C object libqemuutil.a.p/accel_stubs_xen-stub.c.o
[845/1780] Compiling C object libqemuutil.a.p/hw_s390x_s390-pci-vfio-stubs.c.o
[846/1780] Compiling C object libqemuutil.a.p/hw_acpi_acpi-cpu-hotplug-stub.c.o
[847/1780] Compiling C object libqemuutil.a.p/hw_acpi_ghes-stub.c.o
[848/1780] Compiling C object libqemuutil.a.p/accel_stubs_hvf-stub.c.o
[849/1780] Compiling C object libqemuutil.a.p/hw_acpi_ghes_cper_stub.c.o
[850/1780] Compiling C object libqemuutil.a.p/hw_acpi_acpi-nvdimm-stub.c.o
[851/1780] Compiling C object libqemuutil.a.p/hw_acpi_acpi-stub.c.o
[852/1780] Compiling C object libqemuutil.a.p/hw_acpi_aml-build-stub.c.o
[853/1780] Compiling C object libqemuutil.a.p/hw_acpi_acpi-x86-stub.c.o
[854/1780] Compiling C object libqemuutil.a.p/hw_acpi_ipmi-stub.c.o
[855/1780] Compiling C object libqemuutil.a.p/hw_net_rocker_rocker-stubs.c.o
[856/1780] Linking static target subprojects/libvhost-user/libvhost-user.a
[857/1780] Compiling C object libqemuutil.a.p/hw_acpi_pci-bridge-stub.c.o
[858/1780] Compiling C object libqemuutil.a.p/accel_stubs_tcg-stub.c.o
[859/1780] Compiling C object libqemuutil.a.p/hw_smbios_smbios_legacy_stub.c.o
[860/1780] Compiling C object libqemuutil.a.p/hw_mem_cxl_type3_stubs.c.o
[861/1780] Compiling C object libqemuutil.a.p/accel_stubs_mshv-stub.c.o
[862/1780] Compiling C object libqemuutil.a.p/hw_display_ramfb-stubs.c.o
[863/1780] Compiling C object libqemuutil.a.p/hw_smbios_smbios_type_38-stub.c.o
[864/1780] Compiling C object libqemuutil.a.p/hw_smbios_smbios-stub.c.o
[865/1780] Compiling C object libqemuutil.a.p/hw_mem_memory-device-stubs.c.o
[866/1780] Compiling C object libqemuutil.a.p/hw_virtio_virtio-stub.c.o
[867/1780] Compiling C object libqemuutil.a.p/hw_display_acpi-vga-stub.c.o
[868/1780] Compiling C object libqemuutil.a.p/hw_virtio_virtio-md-stubs.c.o
[869/1780] Compiling C object libqom.a.p/qom_qom-qobject.c.o
[870/1780] Compiling C object libqom.a.p/qom_container.c.o
[871/1780] Compiling C object libqemuutil.a.p/hw_pci_pci-stub.c.o
[872/1780] Compiling C object libqemuutil.a.p/hw_acpi_acpi-mem-hotplug-stub.c.o
[873/1780] Compiling C object libauthz.a.p/authz_base.c.o
[874/1780] Compiling C object libcrypto.a.p/crypto_akcipher.c.o
[875/1780] Compiling C object libqemuutil.a.p/hw_cxl_cxl-host-stubs.c.o
[876/1780] Compiling C object libqemuutil.a.p/hw_usb_bus-stub.c.o
[877/1780] Compiling C object libauthz.a.p/authz_simple.c.o
[878/1780] Compiling C object libcrypto.a.p/crypto_afsplit.c.o
[879/1780] Compiling C object libqemuutil.a.p/hw_virtio_vhost-stub.c.o
[880/1780] Compiling C object libcrypto.a.p/crypto_hmac.c.o
[881/1780] Compiling C object libcrypto.a.p/crypto_block-qcow.c.o
[882/1780] Compiling C object libcrypto.a.p/crypto_cipher.c.o
[883/1780] Compiling C object libauthz.a.p/authz_listfile.c.o
[884/1780] Compiling C object libauthz.a.p/authz_list.c.o
[885/1780] Compiling C object libcrypto.a.p/crypto_pbkdf.c.o
[886/1780] Compiling C object libcrypto.a.p/crypto_ivgen-essiv.c.o
[887/1780] Compiling C object libcrypto.a.p/crypto_tlscreds.c.o
[888/1780] Compiling C object libcrypto.a.p/crypto_ivgen.c.o
[889/1780] Compiling C object libcrypto.a.p/crypto_tlscredsanon.c.o
[890/1780] Linking static target libqemuutil.a
[891/1780] Compiling C object libqom.a.p/qom_object_interfaces.c.o
[892/1780] Compiling C object libcrypto.a.p/crypto_der.c.o
[893/1780] Compiling C object libcrypto.a.p/crypto_secret.c.o
[894/1780] Compiling C object libcrypto.a.p/crypto_secret_common.c.o
[895/1780] Compiling C object libcrypto.a.p/crypto_block.c.o
[896/1780] Compiling C object libcrypto.a.p/crypto_block-luks.c.o
[897/1780] Compiling C object libcrypto.a.p/crypto_x509-utils.c.o
[898/1780] Generating qemu.syms with a custom command (wrapped by meson to capture output)
[899/1780] Compiling C object libcrypto.a.p/crypto_tlssession.c.o
[900/1780] Compiling C object libevent-loop-base.a.p/event-loop-base.c.o
[901/1780] Compiling C object libcrypto.a.p/crypto_rsakey.c.o
[902/1780] Compiling C object libcrypto.a.p/crypto_secret_keyring.c.o
[903/1780] Compiling C object libcrypto.a.p/crypto_hash-gnutls.c.o
[904/1780] Generating block.syms with a custom command (wrapped by meson to capture output)
[905/1780] Compiling C object libcrypto.a.p/crypto_hash.c.o
[906/1780] Compiling C object libcrypto.a.p/crypto_ivgen-plain.c.o
[907/1780] Compiling C object libcrypto.a.p/crypto_ivgen-plain64.c.o
[908/1780] Compiling C object libcrypto.a.p/crypto_pbkdf-gnutls.c.o
[909/1780] Compiling C object libcrypto.a.p/crypto_tlscredspsk.c.o
[910/1780] Compiling C object libcrypto.a.p/crypto_hmac-gnutls.c.o
[911/1780] Compiling C object libio.a.p/io_channel-buffer.c.o
[912/1780] Compiling C object libio.a.p/io_channel-command.c.o
[913/1780] Compiling C object libio.a.p/io_channel-util.c.o
[914/1780] Compiling C object libcrypto.a.p/crypto_tlscredsbox.c.o
[915/1780] Compiling C object libcrypto.a.p/crypto_tlscredsx509.c.o
[916/1780] Compiling C object libio.a.p/io_task.c.o
[917/1780] Compiling C object libio.a.p/io_channel-null.c.o
[918/1780] Compiling C object libio.a.p/io_channel-tls.c.o
[919/1780] Compiling C object libio.a.p/io_channel-watch.c.o
[920/1780] Compiling C object libio.a.p/io_dns-resolver.c.o
[921/1780] Compiling C object libmigration.a.p/migration_page_cache.c.o
[922/1780] Compiling C object libio.a.p/io_channel-file.c.o
[923/1780] Compiling C object libmigration.a.p/migration_migration-stats.c.o
[924/1780] Compiling C object libio.a.p/io_net-listener.c.o
[925/1780] Compiling C object libio.a.p/io_channel-socket.c.o
[926/1780] Compiling C object libmigration.a.p/migration_yank_functions.c.o
[927/1780] Compiling C object libmigration.a.p/migration_vmstate-types.c.o
[928/1780] Compiling C object libblock.a.p/replication.c.o
[929/1780] Compiling C object libblock.a.p/scsi_utils.c.o
[930/1780] Compiling C object libblock.a.p/nbd_common.c.o
[931/1780] Compiling C object libio.a.p/io_channel-websock.c.o
[932/1780] Compiling C object libblock.a.p/blockjob.c.o
[933/1780] Compiling C object libmigration.a.p/migration_vmstate.c.o
[934/1780] Compiling C object libblock.a.p/scsi_pr-manager.c.o
[935/1780] Compiling C object libio.a.p/io_channel.c.o
[936/1780] Compiling C object libblock.a.p/scsi_pr-manager-helper.c.o
[937/1780] Compiling C object libblock.a.p/nbd_client-connection.c.o
[938/1780] Compiling C object libblock.a.p/block_aio_task.c.o
[939/1780] Compiling C object libblock.a.p/block_blkverify.c.o
[940/1780] Compiling C object libmigration.a.p/migration_xbzrle.c.o
[941/1780] Compiling C object libblock.a.p/block_backup.c.o
[942/1780] Compiling C object libblock.a.p/job.c.o
[943/1780] Compiling C object libblock.a.p/block_copy-before-write.c.o
[944/1780] Compiling C object libblock.a.p/block_copy-on-read.c.o
[945/1780] Compiling C object libblock.a.p/block_accounting.c.o
[946/1780] Compiling C object libblock.a.p/block_blklogwrites.c.o
[947/1780] Compiling C object libblock.a.p/block_amend.c.o
[948/1780] Compiling C object libblock.a.p/block_graph-lock.c.o
[949/1780] Compiling C object libblock.a.p/nbd_client.c.o
[950/1780] Compiling C object libblock.a.p/block_create.c.o
[951/1780] Compiling C object libblock.a.p/block_blkdebug.c.o
[952/1780] Compiling C object libblock.a.p/block_crypto.c.o
[953/1780] Compiling C object libblock.a.p/block_commit.c.o
[954/1780] Compiling C object libblock.a.p/block_progress_meter.c.o
[955/1780] Compiling C object libblock.a.p/block_filter-compress.c.o
[956/1780] Compiling C object libblock.a.p/block_dirty-bitmap.c.o
[957/1780] Compiling C object libblock.a.p/block_block-copy.c.o
[958/1780] Compiling C object libblock.a.p/qemu-io-cmds.c.o
[959/1780] Compiling C object libqom.a.p/qom_object.c.o
[960/1780] Compiling C object libmigration.a.p/migration_qemu-file.c.o
[961/1780] Compiling C object libblock.a.p/block_preallocate.c.o
[962/1780] Compiling C object libblock.a.p/block_null.c.o
[963/1780] Compiling C object libblock.a.p/block_reqlist.c.o
[964/1780] Compiling C object libblock.a.p/meson-generated_.._block_block-gen.c.o
[965/1780] Compiling C object libblock.a.p/block_raw-format.c.o
[966/1780] Compiling C object libblock.a.p/block_quorum.c.o
[967/1780] Compiling C object libblock.a.p/block_mirror.c.o
[968/1780] Compiling C object libblock.a.p/block_qapi.c.o
[969/1780] Compiling C object libblock.a.p/block_block-backend.c.o
[970/1780] Compiling C object libblock.a.p/block_throttle.c.o
[971/1780] Compiling C object libblock.a.p/block_qcow2-cache.c.o
[972/1780] Compiling C object libblock.a.p/block_throttle-groups.c.o
[973/1780] Compiling C object libblock.a.p/block_snapshot.c.o
[974/1780] Compiling C object libblock.a.p/block_qcow2-snapshot.c.o
[975/1780] Compiling C object libblock.a.p/block_write-threshold.c.o
[976/1780] Compiling C object libblock.a.p/block_vhdx-endian.c.o
[977/1780] Compiling C object libblock.a.p/block_snapshot-access.c.o
[978/1780] Compiling C object libblock.a.p/block_cloop.c.o
[979/1780] Compiling C object libblock.a.p/block_qcow2-threads.c.o
[980/1780] Compiling C object libblock.a.p/block_qcow2-cluster.c.o
[981/1780] Compiling C object libblock.a.p/block_io.c.o
[982/1780] Compiling C object libblock.a.p/block_bochs.c.o
[983/1780] Compiling C object libblock.a.p/block_qcow.c.o
[984/1780] Compiling C object libblock.a.p/block_vdi.c.o
[985/1780] Compiling C object libblock.a.p/block_qcow2-bitmap.c.o
[986/1780] Compiling C object libblock.a.p/block_qed-check.c.o
[987/1780] Compiling C object libblock.a.p/block_qed-l2-cache.c.o
[988/1780] Compiling C object libblock.a.p/block_qed-cluster.c.o
[989/1780] Compiling C object libblock.a.p/block_vpc.c.o
[990/1780] Compiling C object libblock.a.p/block_iscsi-opts.c.o
[991/1780] Compiling C object libblock.a.p/block_vhdx.c.o
[992/1780] Compiling C object libblock.a.p/block_qed-table.c.o
[993/1780] Compiling C object libblock.a.p/block_parallels-ext.c.o
[994/1780] Compiling C object libblock.a.p/block_dmg.c.o
[995/1780] Compiling C object libblock.a.p/block_linux-aio.c.o
[996/1780] Compiling C object libblock.a.p/block_io_uring.c.o
[997/1780] Compiling C object libblock.a.p/block_monitor_bitmap-qmp-cmds.c.o
[998/1780] Compiling C object libblock.a.p/block_vhdx-log.c.o
[999/1780] Compiling C object libblock.a.p/block_replication.c.o
[1000/1780] Compiling C object libblock.a.p/block_dmg-bz2.c.o
[1001/1780] Compiling C object libblockdev.a.p/block_export_export.c.o
[1002/1780] Compiling C object libblock.a.p/block_stream.c.o
[1003/1780] Compiling C object libblock.a.p/block_nbd.c.o
[1004/1780] Compiling C object libblock.a.p/block_curl.c.o
[1005/1780] Compiling C object libblockdev.a.p/block_export_vhost-user-blk-server.c.o
[1006/1780] Compiling C object libblock.a.p/block_nvme.c.o
[1007/1780] Compiling C object libblock.a.p/block_parallels.c.o
[1008/1780] Compiling C object libblock.a.p/block_vmdk.c.o
[1009/1780] Compiling C object libblock.a.p/block_qed.c.o
[1010/1780] Compiling C object libblockdev.a.p/block_export_vduse-blk.c.o
[1011/1780] Compiling C object libblockdev.a.p/block_export_virtio-blk-handler.c.o
[1012/1780] Compiling C object libblock.a.p/block_qcow2-refcount.c.o
[1013/1780] Compiling C object libblockdev.a.p/block_export_fuse.c.o
[1014/1780] Compiling C object libblockdev.a.p/iothread.c.o
[1015/1780] Compiling C object libqmp.a.p/qom_qom-qmp-cmds.c.o
[1016/1780] Compiling C object libblockdev.a.p/os-posix.c.o
[1017/1780] Compiling C object libqmp.a.p/monitor_qmp-cmds-control.c.o
[1018/1780] Compiling C object libblockdev.a.p/blockdev-nbd.c.o
[1019/1780] Compiling C object libblock.a.p/block_qcow2.c.o
[1020/1780] Compiling C object libchardev.a.p/chardev_char-file.c.o
[1021/1780] Compiling C object libblockdev.a.p/job-qmp.c.o
[1022/1780] Compiling C object libchardev.a.p/chardev_char-mux.c.o
[1023/1780] Compiling C object libchardev.a.p/chardev_char-pipe.c.o
[1024/1780] Compiling C object libchardev.a.p/chardev_char-stdio.c.o
[1025/1780] Compiling C object libqmp.a.p/monitor_qmp.c.o
[1026/1780] Compiling C object libchardev.a.p/chardev_char-fe.c.o
[1027/1780] Compiling C object libchardev.a.p/chardev_char-hub.c.o
[1028/1780] Compiling C object libblock.a.p/block.c.o
[1029/1780] Compiling C object libchardev.a.p/chardev_char-null.c.o
[1030/1780] Compiling C object libblock.a.p/block_iscsi.c.o
[1031/1780] Compiling C object libqmp.a.p/monitor_monitor.c.o
[1032/1780] Compiling C object libchardev.a.p/chardev_char-serial.c.o
[1033/1780] Compiling C object libblock.a.p/block_file-posix.c.o
[1034/1780] Compiling C object libchardev.a.p/chardev_char-parallel.c.o
[1035/1780] Compiling C object libchardev.a.p/chardev_char-fd.c.o
[1036/1780] Compiling C object libchardev.a.p/chardev_char-io.c.o
[1037/1780] Compiling C object libblock.a.p/block_rbd.c.o
[1038/1780] Compiling C object libchardev.a.p/chardev_char-udp.c.o
[1039/1780] Compiling C object libhwcore.a.p/hw_core_vmstate-if.c.o
[1040/1780] Compiling C object libhwcore.a.p/hw_core_resetcontainer.c.o
[1041/1780] Compiling C object libhwcore.a.p/hw_core_resettable.c.o
[1042/1780] Compiling C object libhwcore.a.p/hw_core_gpio.c.o
[1043/1780] Compiling C object libchardev.a.p/chardev_char-ringbuf.c.o
[1044/1780] Compiling C object libblockdev.a.p/blockdev.c.o
[1045/1780] Compiling C object libchardev.a.p/chardev_char-pty.c.o
[1046/1780] Compiling C object libhwcore.a.p/hw_core_qdev-properties.c.o
[1047/1780] Compiling C object libchardev.a.p/chardev_char-socket.c.o
[1048/1780] Compiling C object libhwcore.a.p/hw_core_clock.c.o
[1049/1780] Compiling C object libhwcore.a.p/hw_core_qdev-clock.c.o
[1050/1780] Compiling C object libhwcore.a.p/hw_core_irq.c.o
[1051/1780] Compiling C object libqemuaudio.a.p/audio_noaudio.c.o
[1052/1780] Compiling C object libhwcore.a.p/hw_core_bus.c.o
[1053/1780] Compiling C object libqemuaudio.a.p/audio_wavaudio.c.o
[1054/1780] Compiling C object libchardev.a.p/chardev_char.c.o
[1055/1780] Compiling C object libqemuaudio.a.p/audio_alsaaudio.c.o
[1056/1780] Compiling C object libhwcore.a.p/hw_core_qdev.c.o
[1057/1780] Compiling C object libsystem.a.p/trace_control-target.c.o
[1058/1780] Compiling C object libblockdev.a.p/nbd_server.c.o
[1059/1780] Compiling C object libqemuaudio.a.p/audio_audio-be.c.o
[1060/1780] Compiling C object libqemuaudio.a.p/audio_sndioaudio.c.o
[1061/1780] Compiling C object libsystem.a.p/ui_clipboard.c.o
[1062/1780] Compiling C object libqemuaudio.a.p/audio_ossaudio.c.o
[1063/1780] Compiling C object libqemuaudio.a.p/audio_dbusaudio.c.o
[1064/1780] Compiling C object libqemuaudio.a.p/audio_audio.c.o
[1065/1780] Compiling C object libsystem.a.p/qom_qom-hmp-cmds.c.o
[1066/1780] Compiling C object libqemuaudio.a.p/audio_spiceaudio.c.o
[1067/1780] Compiling C object libsystem.a.p/trace_trace-hmp-cmds.c.o
[1068/1780] Compiling C object libsystem.a.p/crypto_tls-cipher-suites.c.o
[1069/1780] Compiling C object libblock.a.p/block_vvfat.c.o
[1070/1780] Compiling C object libqemuaudio.a.p/audio_paaudio.c.o
[1071/1780] Compiling C object libsystem.a.p/ui_dmabuf.c.o
[1072/1780] Compiling C object libsystem.a.p/ui_input-keymap.c.o
[1073/1780] Compiling C object libsystem.a.p/ui_input-legacy.c.o
[1074/1780] Compiling C object libsystem.a.p/ui_kbd-state.c.o
[1075/1780] Compiling C object libsystem.a.p/ui_cursor.c.o
[1076/1780] Compiling C object libqemuaudio.a.p/audio_mixeng.c.o
[1077/1780] Compiling C object libsystem.a.p/ui_input-barrier.c.o
[1078/1780] Compiling C object libsystem.a.p/ui_spice-module.c.o
[1079/1780] Compiling C object libsystem.a.p/ui_keymaps.c.o
[1080/1780] Compiling C object libsystem.a.p/ui_qemu-pixman.c.o
[1081/1780] Compiling C object libsystem.a.p/ui_dbus-module.c.o
[1082/1780] Compiling C object libsystem.a.p/ui_udmabuf.c.o
[1083/1780] Compiling C object libsystem.a.p/ui_input-linux.c.o
[1084/1780] Compiling C object libsystem.a.p/ui_ui-qmp-cmds.c.o
[1085/1780] Compiling C object libsystem.a.p/ui_input.c.o
[1086/1780] Compiling C object libqemuaudio.a.p/audio_sdlaudio.c.o
[1087/1780] Compiling C object libsystem.a.p/ui_ui-hmp-cmds.c.o
[1088/1780] Compiling C object libsystem.a.p/ui_vnc-palette.c.o
[1089/1780] Compiling C object libsystem.a.p/ui_vnc-auth-vencrypt.c.o
[1090/1780] Compiling C object libsystem.a.p/ui_vdagent.c.o
[1091/1780] Compiling C object libsystem.a.p/ui_vnc-enc-zlib.c.o
[1092/1780] Compiling C object libsystem.a.p/audio_audio-hmp-cmds.c.o
[1093/1780] Compiling C object libsystem.a.p/ui_vnc-clipboard.c.o
[1094/1780] Compiling C object libsystem.a.p/ui_console.c.o
[1095/1780] Compiling C object libsystem.a.p/chardev_msmouse.c.o
[1096/1780] Compiling C object libsystem.a.p/ui_vnc-jobs.c.o
[1097/1780] Compiling C object libsystem.a.p/fsdev_qemu-fsdev-opts.c.o
[1098/1780] Compiling C object libsystem.a.p/ui_util.c.o
[1099/1780] Compiling C object libqemuaudio.a.p/audio_audio-mixeng-be.c.o
[1100/1780] Compiling C object libsystem.a.p/chardev_testdev.c.o
[1101/1780] Compiling C object libsystem.a.p/chardev_wctablet.c.o
[1102/1780] Compiling C object libsystem.a.p/ui_vnc-enc-hextile.c.o
[1103/1780] Compiling C object libsystem.a.p/audio_wavcapture.c.o
[1104/1780] Compiling C object libsystem.a.p/chardev_char-hmp-cmds.c.o
[1105/1780] Compiling C object libsystem.a.p/fsdev_9p-iov-marshal.c.o
[1106/1780] Compiling C object libsystem.a.p/fsdev_9p-marshal.c.o
[1107/1780] Compiling C object libsystem.a.p/dump_win_dump-stubs.c.o
[1108/1780] Compiling C object libsystem.a.p/ui_console-vc.c.o
[1109/1780] Compiling C object libsystem.a.p/ui_vnc-ws.c.o
[1110/1780] Compiling C object libsystem.a.p/dump_dump-hmp-cmds.c.o
[1111/1780] Compiling C object libsystem.a.p/accel_accel-qmp.c.o
[1112/1780] Compiling C object libsystem.a.p/accel_accel-blocker.c.o
[1113/1780] Compiling C object libsystem.a.p/ui_vnc-auth-sasl.c.o
[1114/1780] Compiling C object libsystem.a.p/accel_tcg_cpu-exec-common.c.o
[1115/1780] Compiling C object libsystem.a.p/fsdev_qemu-fsdev.c.o
[1116/1780] Compiling C object libsystem.a.p/fsdev_qemu-fsdev-throttle.c.o
[1117/1780] Compiling C object libsystem.a.p/accel_accel-irq.c.o
[1118/1780] Compiling C object libsystem.a.p/accel_tcg_tcg-all.c.o
[1119/1780] Compiling C object libsystem.a.p/accel_accel-system.c.o
[1120/1780] Compiling C object libqemuaudio.a.p/audio_pwaudio.c.o
[1121/1780] Compiling C object libsystem.a.p/accel_tcg_tcg-stats.c.o
[1122/1780] Compiling C object libsystem.a.p/accel_tcg_translate-all.c.o
[1123/1780] Compiling C object libsystem.a.p/ui_vnc-enc-tight.c.o
[1124/1780] Compiling C object libsystem.a.p/accel_tcg_tcg-runtime.c.o
[1125/1780] Compiling C object libsystem.a.p/accel_tcg_tb-maint.c.o
[1126/1780] Compiling C object libsystem.a.p/accel_tcg_tcg-accel-ops-icount.c.o
[1127/1780] Compiling C object libsystem.a.p/accel_tcg_tcg-accel-ops.c.o
[1128/1780] Compiling C object libsystem.a.p/accel_tcg_tcg-accel-ops-mttcg.c.o
[1129/1780] Compiling C object libsystem.a.p/accel_dummy-cpus.c.o
[1130/1780] Compiling C object libsystem.a.p/hw_9pfs_9p-posix-acl.c.o
[1131/1780] Compiling C object libsystem.a.p/accel_tcg_monitor.c.o
[1132/1780] Compiling C object libsystem.a.p/accel_tcg_icount-common.c.o
[1133/1780] Compiling C object libsystem.a.p/hw_9pfs_9p-xattr-user.c.o
[1134/1780] Compiling C object libsystem.a.p/accel_tcg_watchpoint.c.o
[1135/1780] Compiling C object libsystem.a.p/hw_9pfs_9p-util-generic.c.o
[1136/1780] Compiling C object libsystem.a.p/hw_9pfs_9p-xattr.c.o
[1137/1780] Compiling C object libsystem.a.p/hw_9pfs_codir.c.o
[1138/1780] Compiling C object libsystem.a.p/accel_tcg_tcg-accel-ops-rr.c.o
[1139/1780] Compiling C object libsystem.a.p/ui_vnc.c.o
[1140/1780] Compiling C object libsystem.a.p/hw_9pfs_coth.c.o
[1141/1780] Compiling C object libsystem.a.p/hw_9pfs_9p-util-linux.c.o
[1142/1780] Compiling C object libsystem.a.p/accel_tcg_cpu-exec.c.o
[1143/1780] Compiling C object libsystem.a.p/accel_tcg_plugin-gen.c.o
[1144/1780] Compiling C object libsystem.a.p/hw_9pfs_9p-local.c.o
[1145/1780] Compiling C object libsystem.a.p/hw_9pfs_9p-synth.c.o
[1146/1780] Compiling C object libsystem.a.p/hw_9pfs_cofile.c.o
[1147/1780] Compiling C object libsystem.a.p/hw_9pfs_cofs.c.o
[1148/1780] Compiling C object libsystem.a.p/accel_tcg_translator.c.o
[1149/1780] Compiling C object libsystem.a.p/dump_dump.c.o
[1150/1780] Compiling C object libsystem.a.p/hw_acpi_acpi-qmp-cmds.c.o
[1151/1780] Compiling C object libsystem.a.p/hw_9pfs_coxattr.c.o
[1152/1780] Compiling C object libsystem.a.p/hw_9pfs_virtio-9p-device.c.o
[1153/1780] Compiling C object libsystem.a.p/hw_acpi_utils.c.o
[1154/1780] Compiling C object libsystem.a.p/hw_acpi_bios-linker-loader.c.o
[1155/1780] Compiling C object libsystem.a.p/hw_acpi_acpi_interface.c.o
[1156/1780] Compiling C object libsystem.a.p/hw_audio_model.c.o
[1157/1780] Compiling C object libsystem.a.p/hw_audio_fmopl.c.o
[1158/1780] Compiling C object libsystem.a.p/hw_acpi_tpm.c.o
[1159/1780] Compiling C object libsystem.a.p/hw_audio_gus.c.o
[1160/1780] Compiling C object libsystem.a.p/hw_acpi_erst.c.o
[1161/1780] Compiling C object libsystem.a.p/hw_audio_gusemu_hal.c.o
[1162/1780] Compiling C object libsystem.a.p/hw_acpi_core.c.o
[1163/1780] Compiling C object libsystem.a.p/hw_audio_gusemu_mixer.c.o
[1164/1780] Compiling C object libsystem.a.p/hw_audio_adlib.c.o
[1165/1780] Compiling C object libsystem.a.p/hw_audio_pcspk.c.o
[1166/1780] Compiling C object libsystem.a.p/hw_audio_cs4231a.c.o
[1167/1780] Compiling C object libsystem.a.p/hw_audio_es1370.c.o
[1168/1780] Compiling C object libsystem.a.p/ui_vnc-enc-zrle.c.o
[1169/1780] Compiling C object libsystem.a.p/hw_block_hd-geometry.c.o
[1170/1780] Compiling C object libsystem.a.p/hw_audio_via-ac97.c.o
[1171/1780] Compiling C object libsystem.a.p/hw_audio_ac97.c.o
[1172/1780] Compiling C object libsystem.a.p/hw_block_cdrom.c.o
[1173/1780] Compiling C object libsystem.a.p/hw_audio_virtio-snd-pci.c.o
[1174/1780] Compiling C object libsystem.a.p/hw_9pfs_9p.c.o
[1175/1780] Compiling C object libsystem.a.p/hw_block_block.c.o
[1176/1780] Compiling C object libsystem.a.p/hw_char_parallel-isa.c.o
[1177/1780] Compiling C object libsystem.a.p/hw_block_vhost-user-blk.c.o
[1178/1780] Compiling C object libsystem.a.p/hw_audio_virtio-snd.c.o
[1179/1780] Compiling C object libsystem.a.p/hw_audio_hda-codec.c.o
[1180/1780] Compiling C object libsystem.a.p/hw_block_pflash_cfi01.c.o
[1181/1780] Compiling C object libsystem.a.p/hw_block_fdc.c.o
[1182/1780] Compiling C object libsystem.a.p/hw_char_ipoctal232.c.o
[1183/1780] Compiling C object libsystem.a.p/hw_block_fdc-isa.c.o
[1184/1780] Compiling C object libsystem.a.p/hw_block_virtio-blk-common.c.o
[1185/1780] Compiling C object libsystem.a.p/hw_char_serial-mm.c.o
[1186/1780] Compiling C object libsystem.a.p/hw_char_parallel.c.o
[1187/1780] Compiling C object libsystem.a.p/hw_acpi_aml-build.c.o
[1188/1780] Compiling C object libsystem.a.p/hw_char_serial-pci-multi.c.o
[1189/1780] Compiling C object libsystem.a.p/hw_audio_sb16.c.o
[1190/1780] Compiling C object libsystem.a.p/hw_char_serial-isa.c.o
[1191/1780] Compiling C object libsystem.a.p/hw_char_serial-pci.c.o
[1192/1780] Compiling C object libsystem.a.p/hw_char_escc.c.o
[1193/1780] Compiling C object libsystem.a.p/hw_core_guest-loader.c.o
[1194/1780] Compiling C object libsystem.a.p/hw_core_ptimer.c.o
[1195/1780] Compiling C object libsystem.a.p/hw_char_virtio-console.c.o
[1196/1780] Compiling C object libsystem.a.p/hw_block_virtio-blk.c.o
[1197/1780] Compiling C object libsystem.a.p/hw_audio_intel-hda.c.o
[1198/1780] Compiling C object libsystem.a.p/hw_core_or-irq.c.o
[1199/1780] Compiling C object libsystem.a.p/hw_char_xilinx_uartlite.c.o
[1200/1780] Compiling C object libsystem.a.p/hw_core_generic-loader.c.o
[1201/1780] Compiling C object libsystem.a.p/accel_tcg_tcg-runtime-gvec.c.o
[1202/1780] Compiling C object libsystem.a.p/hw_core_fw-path-provider.c.o
[1203/1780] Compiling C object libsystem.a.p/hw_char_serial.c.o
[1204/1780] Compiling C object libsystem.a.p/hw_core_cpu-system.c.o
[1205/1780] Compiling C object libsystem.a.p/hw_core_hotplug.c.o
[1206/1780] Compiling C object libsystem.a.p/hw_core_nmi.c.o
[1207/1780] Compiling C object libsystem.a.p/hw_core_qdev-fw.c.o
[1208/1780] Compiling C object libsystem.a.p/hw_core_reset.c.o
[1209/1780] Compiling C object libsystem.a.p/hw_core_clock-vmstate.c.o
[1210/1780] Compiling C object libsystem.a.p/hw_core_vm-change-state-handler.c.o
[1211/1780] Compiling C object libsystem.a.p/hw_core_machine-hmp-cmds.c.o
[1212/1780] Compiling C object libsystem.a.p/hw_core_sysbus-fdt.c.o
[1213/1780] Compiling C object libsystem.a.p/accel_tcg_cputlb.c.o
[1214/1780] Compiling C object libsystem.a.p/hw_display_edid-region.c.o
[1215/1780] Compiling C object libsystem.a.p/hw_core_machine-qmp-cmds.c.o
[1216/1780] Compiling C object libsystem.a.p/hw_display_s3_vga.c.o
FAILED: libsystem.a.p/hw_display_s3_vga.c.o 
cc -m64 -Ilibsystem.a.p -I. -I.. -Isubprojects/libvduse -I../subprojects/libvduse -Iui -Iqapi -Itrace -Iui/shader -I/usr/include/p11-kit-1 -I/usr/include/pixman-1 -I/usr/include/libpng16 -I/usr/include/spice-server -I/usr/include/spice-1 -I/usr/include/libusb-1.0 -I/usr/include/SDL2 -I/usr/include/glib-2.0 -I/usr/lib/x86_64-linux-gnu/glib-2.0/include -I/usr/include/sysprof-6 -I/usr/include/libmount -I/usr/include/blkid -I/usr/include/gio-unix-2.0 -I/usr/include/slirp -I/usr/include/fuse3 -I/usr/include/x86_64-linux-gnu -I/usr/include/pipewire-0.3 -I/usr/include/spa-0.2 -fdiagnostics-color=auto -Wall -Winvalid-pch -std=gnu11 -O2 -g -mcx16 -msse2 -D_GNU_SOURCE -D_FILE_OFFSET_BITS=64 -D_LARGEFILE_SOURCE -fno-strict-aliasing -fno-common -fwrapv -ftrivial-auto-var-init=zero -fzero-call-used-regs=used-gpr -fstack-protector-strong -Wempty-body -Wendif-labels -Wexpansion-to-defined -Wformat-overflow=2 -Wformat-security -Wformat-y2k -Wignored-qualifiers -Wimplicit-fallthrough=2 -Winit-self -Wmissing-format-attribute -Wmissing-prototypes -Wnested-externs -Wold-style-declaration -Wold-style-definition -Wredundant-decls -Wshadow=local -Wstrict-prototypes -Wtype-limits -Wundef -Wvla -Wwrite-strings -Wno-missing-include-dirs -Wno-psabi -Wno-shift-negative-value -isystem /data/vms/sandbox/aix432/build/qemu/linux-headers -isystem linux-headers -iquote . -iquote /data/vms/sandbox/aix432/build/qemu -iquote /data/vms/sandbox/aix432/build/qemu/include -iquote /data/vms/sandbox/aix432/build/qemu/host/include/x86_64 -iquote /data/vms/sandbox/aix432/build/qemu/host/include/generic -iquote /data/vms/sandbox/aix432/build/qemu/tcg/x86_64 -pthread -fPIE -isystem /usr/include/mit-krb5 -D_REENTRANT -DSTRUCT_IOVEC_DEFINED -DCONFIG_SOFTMMU -DCOMPILING_SYSTEM_VS_USER -MD -MQ libsystem.a.p/hw_display_s3_vga.c.o -MF libsystem.a.p/hw_display_s3_vga.c.o.d -o libsystem.a.p/hw_display_s3_vga.c.o -c ../hw/display/s3_vga.c
../hw/display/s3_vga.c:28:10: fatal error: vga.h: No such file or directory
   28 | #include "vga.h"
      |          ^~~~~~~
compilation terminated.
[1217/1780] Compiling C object libsystem.a.p/hw_display_i2c-ddc.c.o
[1218/1780] Compiling C object libsystem.a.p/hw_core_numa.c.o
[1219/1780] Compiling C object libsystem.a.p/hw_core_sysbus.c.o
[1220/1780] Compiling C object libsystem.a.p/hw_core_platform-bus.c.o
[1221/1780] Compiling C object libsystem.a.p/hw_char_virtio-serial-bus.c.o
[1222/1780] Compiling C object libsystem.a.p/hw_core_qdev-properties-system.c.o
[1223/1780] Compiling C object libsystem.a.p/hw_display_bochs-display.c.o
[1224/1780] Compiling C object libsystem.a.p/hw_core_qdev-hotplug.c.o
[1225/1780] Compiling C object libsystem.a.p/hw_display_vga-pci.c.o
[1226/1780] Compiling C object libsystem.a.p/hw_core_null-machine.c.o
[1227/1780] Compiling C object libsystem.a.p/hw_cpu_core.c.o
[1228/1780] Compiling C object libsystem.a.p/hw_core_machine.c.o
[1229/1780] Compiling C object libsystem.a.p/hw_display_edid-generate.c.o
[1230/1780] Compiling C object libsystem.a.p/hw_core_loader.c.o
[1231/1780] Compiling C object libsystem.a.p/meson-generated_.._ui_dbus-display1.c.o
[1232/1780] Compiling C object libsystem.a.p/hw_display_sm501.c.o
[1233/1780] Compiling C object libsystem.a.p/hw_display_cirrus_vga.c.o
ninja: build stopped: subcommand failed.
